Component: ARM Compiler 5.06 update 5 (build 528) Tool: armlink [4d35e2]

==============================================================================

Section Cross References

    main.o(.text) refers to ms5611.o(.text) for update_baro
    main.o(.text) refers to d2f.o(.text) for __aeabi_d2f
    main.o(.text) refers to imu_ahrs.o(.text) for LPF
    main.o(.text) refers to misc.o(.text) for NVIC_PriorityGroupConfig
    main.o(.text) refers to delay.o(.text) for delay_init
    main.o(.text) refers to stm32f4xx_rcc.o(.text) for RCC_AHB1PeriphClockCmd
    main.o(.text) refers to stm32f4xx_gpio.o(.text) for GPIO_Init
    main.o(.text) refers to dflti.o(.text) for __aeabi_i2d
    main.o(.text) refers to dfltui.o(.text) for __aeabi_ui2d
    main.o(.text) refers to dmul.o(.text) for __aeabi_dmul
    main.o(.text) refers to main.o(.data) for .data
    main.o(.text) refers to main.o(.bss) for .bss
    system_stm32f4xx.o(.text) refers to system_stm32f4xx.o(.data) for .data
    startup_stm32f40_41xxx.o(RESET) refers to startup_stm32f40_41xxx.o(STACK) for __initial_sp
    startup_stm32f40_41xxx.o(RESET) refers to startup_stm32f40_41xxx.o(.text) for Reset_Handler
    startup_stm32f40_41xxx.o(RESET) refers to stm32f4xx_it.o(.text) for NMI_Handler
    startup_stm32f40_41xxx.o(.text) refers to system_stm32f4xx.o(.text) for SystemInit
    startup_stm32f40_41xxx.o(.text) refers to entry.o(.ARM.Collect$$$$00000000) for __main
    stm32f4xx_dma2d.o(.text) refers to stm32f4xx_rcc.o(.text) for RCC_AHB1PeriphResetCmd
    stm32f4xx_fsmc.o(.text) refers to stm32f4xx_fsmc.o(.constdata) for .constdata
    stm32f4xx_gpio.o(.text) refers to stm32f4xx_rcc.o(.text) for RCC_AHB1PeriphResetCmd
    stm32f4xx_i2c.o(.text) refers to stm32f4xx_rcc.o(.text) for RCC_APB1PeriphResetCmd
    stm32f4xx_rcc.o(.text) refers to stm32f4xx_rcc.o(.data) for .data
    stm32f4xx_rng.o(.text) refers to stm32f4xx_rcc.o(.text) for RCC_AHB2PeriphResetCmd
    stm32f4xx_sdio.o(.text) refers to stm32f4xx_rcc.o(.text) for RCC_APB2PeriphResetCmd
    stm32f4xx_syscfg.o(.text) refers to stm32f4xx_rcc.o(.text) for RCC_APB2PeriphResetCmd
    stm32f4xx_tim.o(.text) refers to stm32f4xx_rcc.o(.text) for RCC_APB2PeriphResetCmd
    stm32f4xx_usart.o(.text) refers to stm32f4xx_rcc.o(.text) for RCC_APB2PeriphResetCmd
    delay.o(.text) refers to misc.o(.text) for SysTick_CLKSourceConfig
    delay.o(.text) refers to delay.o(.data) for .data
    hmc5883l.o(.text) refers to stm32f4xx_gpio.o(.text) for GPIO_ReadInputDataBit
    hmc5883l.o(.text) refers to ioi2c.o(.text) for IICreadBytes
    hmc5883l.o(.text) refers to delay.o(.text) for delay_us
    hmc5883l.o(.text) refers to hmc5883l.o(.bss) for .bss
    hmc5883l.o(.text) refers to hmc5883l.o(.data) for .data
    mpu6050.o(.text) refers to ioi2c.o(.text) for IICwriteBits
    mpu6050.o(.text) refers to stm32f4xx_gpio.o(.text) for GPIO_ReadInputDataBit
    mpu6050.o(.text) refers to delay.o(.text) for delay_us
    mpu6050.o(.text) refers to mpu6050.o(.bss) for .bss
    mpu6050.o(.text) refers to mpu6050.o(.data) for .data
    ioi2c.o(.text) refers to stm32f4xx_rcc.o(.text) for RCC_AHB1PeriphClockCmd
    ioi2c.o(.text) refers to stm32f4xx_gpio.o(.text) for GPIO_Init
    ioi2c.o(.text) refers to delay.o(.text) for delay_us
    ioi2c.o(.text) refers to ioi2c.o(.data) for .data
    ms5611.o(.text) refers to ioi2c.o(.text) for IICreadBytes
    ms5611.o(.text) refers to delay.o(.text) for delay_ms
    ms5611.o(.text) refers to ddiv.o(.text) for __aeabi_ddiv
    ms5611.o(.text) refers to pow.o(i.__hardfp_pow) for __hardfp_pow
    ms5611.o(.text) refers to dadd.o(.text) for __aeabi_drsub
    ms5611.o(.text) refers to dmul.o(.text) for __aeabi_dmul
    ms5611.o(.text) refers to ldiv.o(.text) for __aeabi_ldivmod
    ms5611.o(.text) refers to dflti.o(.text) for __aeabi_i2d
    ms5611.o(.text) refers to dfltui.o(.text) for __aeabi_ui2d
    ms5611.o(.text) refers to cdrcmple.o(.text) for __aeabi_cdrcmple
    ms5611.o(.text) refers to d2f.o(.text) for __aeabi_d2f
    ms5611.o(.text) refers to dfixi.o(.text) for __aeabi_d2iz
    ms5611.o(.text) refers to ms5611.o(.bss) for .bss
    ms5611.o(.text) refers to ms5611.o(.data) for .data
    kalman.o(.text) refers to kalman.o(.data) for .data
    kalman.o(.text) refers to kalman.o(.bss) for .bss
    imu_ahrs.o(.text) refers to mpu6050.o(.text) for MPU6050_initialize
    imu_ahrs.o(.text) refers to hmc5883l.o(.text) for HMC5883L_SetUp
    imu_ahrs.o(.text) refers to delay.o(.text) for delay_ms
    imu_ahrs.o(.text) refers to f2d.o(.text) for __aeabi_f2d
    imu_ahrs.o(.text) refers to sqrt.o(i.__hardfp_sqrt) for __hardfp_sqrt
    imu_ahrs.o(.text) refers to d2f.o(.text) for __aeabi_d2f
    imu_ahrs.o(.text) refers to dmul.o(.text) for __aeabi_dmul
    imu_ahrs.o(.text) refers to dadd.o(.text) for __aeabi_dadd
    imu_ahrs.o(.text) refers to ddiv.o(.text) for __aeabi_ddiv
    imu_ahrs.o(.text) refers to imu_ahrs.o(.data) for .data
    imu_ahrs.o(.text) refers to imu_ahrs.o(.bss) for .bss
[...]
    dfltui.o(.text) refers to depilogue.o(.text) for _double_epilogue
    dfixi.o(.text) refers (Special) to iusefp.o(.text) for __I$use$fp
    dfixi.o(.text) refers to llushr.o(.text) for __aeabi_llsr
    f2d.o(.text) refers (Special) to iusefp.o(.text) for __I$use$fp
    cdrcmple.o(.text) refers (Special) to iusefp.o(.text) for __I$use$fp
    d2f.o(.text) refers (Special) to iusefp.o(.text) for __I$use$fp
    d2f.o(.text) refers to fepilogue.o(.text) for _float_round
    cos_i.o(i.__kernel_cos) refers (Special) to iusefp.o(.text) for __I$use$fp
    cos_i.o(i.__kernel_cos) refers to dfixi.o(.text) for __aeabi_d2iz
    cos_i.o(i.__kernel_cos) refers to dmul.o(.text) for __aeabi_dmul
    cos_i.o(i.__kernel_cos) refers to poly.o(i.__kernel_poly) for __kernel_poly
    cos_i.o(i.__kernel_cos) refers to dadd.o(.text) for __aeabi_dsub
    cos_i.o(i.__kernel_cos) refers to cos_i.o(.constdata) for .constdata
    cos_i.o(.constdata) refers (Special) to iusefp.o(.text) for __I$use$fp
    dunder.o(i.__mathlib_dbl_divzero) refers to ddiv.o(.text) for __aeabi_ddiv
    dunder.o(i.__mathlib_dbl_infnan) refers to dadd.o(.text) for __aeabi_dadd
    dunder.o(i.__mathlib_dbl_infnan2) refers to dadd.o(.text) for __aeabi_dadd
    dunder.o(i.__mathlib_dbl_invalid) refers to ddiv.o(.text) for __aeabi_ddiv
    dunder.o(i.__mathlib_dbl_overflow) refers to dmul.o(.text) for __aeabi_dmul
    dunder.o(i.__mathlib_dbl_posinfnan) refers to dmul.o(.text) for __aeabi_dmul
    dunder.o(i.__mathlib_dbl_underflow) refers to dmul.o(.text) for __aeabi_dmul
    fabs.o(i.__hardfp_fabs) refers (Special) to iusefp.o(.text) for __I$use$fp
    fabs.o(i.__softfp_fabs) refers (Special) to iusefp.o(.text) for __I$use$fp
    fabs.o(i.fabs) refers (Special) to iusefp.o(.text) for __I$use$fp
    fpclassify.o(i.__ARM_fpclassify) refers (Special) to iusefp.o(.text) for __I$use$fp
    poly.o(i.__kernel_poly) refers (Special) to iusefp.o(.text) for __I$use$fp
    poly.o(i.__kernel_poly) refers to dmul.o(.text) for __aeabi_dmul
    poly.o(i.__kernel_poly) refers to dadd.o(.text) for __aeabi_dadd
    qnan.o(.constdata) refers (Special) to iusefp.o(.text) for __I$use$fp
    rred.o(i.__ieee754_rem_pio2) refers (Special) to iusefp.o(.text) for __I$use$fp
    rred.o(i.__ieee754_rem_pio2) refers to dadd.o(.text) for __aeabi_dsub
    rred.o(i.__ieee754_rem_pio2) refers to fabs.o(i.fabs) for fabs
    rred.o(i.__ieee754_rem_pio2) refers to dmul.o(.text) for __aeabi_dmul
    rred.o(i.__ieee754_rem_pio2) refers to dfixi.o(.text) for __aeabi_d2iz
    rred.o(i.__ieee754_rem_pio2) refers to dflti.o(.text) for __aeabi_i2d
    rred.o(i.__ieee754_rem_pio2) refers to dfltui.o(.text) for __aeabi_ui2d
    rred.o(i.__ieee754_rem_pio2) refers to rred.o(.constdata) for .constdata
    rred.o(i.__use_accurate_range_reduction) refers (Special) to iusefp.o(.text) for __I$use$fp
    rred.o(.constdata) refers (Special) to iusefp.o(.text) for __I$use$fp
    sin_i.o(i.__kernel_sin) refers (Special) to iusefp.o(.text) for __I$use$fp
    sin_i.o(i.__kernel_sin) refers to fpclassify.o(i.__ARM_fpclassify) for __ARM_fpclassify
    sin_i.o(i.__kernel_sin) refers to dunder.o(i.__mathlib_dbl_underflow) for __mathlib_dbl_underflow
    sin_i.o(i.__kernel_sin) refers to dmul.o(.text) for __aeabi_dmul
    sin_i.o(i.__kernel_sin) refers to poly.o(i.__kernel_poly) for __kernel_poly
    sin_i.o(i.__kernel_sin) refers to dadd.o(.text) for __aeabi_dsub
    sin_i.o(i.__kernel_sin) refers to sin_i.o(.constdata) for .constdata
    sin_i.o(.constdata) refers (Special) to iusefp.o(.text) for __I$use$fp
    sin_i_x.o(i.____kernel_sin$lsc) refers (Special) to iusefp.o(.text) for __I$use$fp
    sin_i_x.o(i.____kernel_sin$lsc) refers to dmul.o(.text) for __aeabi_dmul
    sin_i_x.o(i.____kernel_sin$lsc) refers to poly.o(i.__kernel_poly) for __kernel_poly
    sin_i_x.o(i.____kernel_sin$lsc) refers to dadd.o(.text) for __aeabi_dsub
    sin_i_x.o(i.____kernel_sin$lsc) refers to sin_i_x.o(.constdata) for .constdata
    sin_i_x.o(.constdata) refers (Special) to iusefp.o(.text) for __I$use$fp
    entry2.o(.ARM.Collect$$$$00000001) refers to entry2.o(.ARM.Collect$$$$00002712) for __lit__00000000
    entry2.o(.ARM.Collect$$$$00002712) refers to startup_stm32f40_41xxx.o(STACK) for __initial_sp
    entry2.o(__vectab_stack_and_reset_area) refers to startup_stm32f40_41xxx.o(STACK) for __initial_sp
    entry2.o(__vectab_stack_and_reset_area) refers to entry.o(.ARM.Collect$$$$00000000) for __main
    entry5.o(.ARM.Collect$$$$00000004) refers to init.o(.text) for __scatterload
    entry9a.o(.ARM.Collect$$$$0000000B) refers to main.o(.text) for main
    entry9b.o(.ARM.Collect$$$$0000000C) refers to main.o(.text) for main
    uldiv.o(.text) refers to llushr.o(.text) for __aeabi_llsr
    uldiv.o(.text) refers to llshl.o(.text) for __aeabi_llsl
    errno.o(i.__aeabi_errno_addr) refers to errno.o(.data) for .data
    errno.o(i.__read_errno) refers to errno.o(.data) for .data
    errno.o(i.__set_errno) refers to errno.o(.data) for .data
    depilogue.o(.text) refers to llshl.o(.text) for __aeabi_llsl
    depilogue.o(.text) refers to llushr.o(.text) for __aeabi_llsr
    dsqrt.o(.text) refers to llushr.o(.text) for __aeabi_llsr
    dsqrt.o(.text) refers to depilogue.o(.text) for _double_round
    init.o(.text) refers to entry5.o(.ARM.Collect$$$$00000004) for __main_after_scatterload


==============================================================================

Removing Unused input sections from the image.

    Removing main.o(.rev16_text), (4 bytes).
    Removing main.o(.revsh_text), (4 bytes).
    Removing stm32f4xx_it.o(.rev16_text), (4 bytes).
    Removing stm32f4xx_it.o(.revsh_text), (4 bytes).
    Removing system_stm32f4xx.o(.rev16_text), (4 bytes).
    Removing system_stm32f4xx.o(.revsh_text), (4 bytes).
    Removing startup_stm32f40_41xxx.o(HEAP), (512 bytes).
    Removing misc.o(.rev16_text), (4 bytes).
    Removing misc.o(.revsh_text), (4 bytes).
    Removing stm32f4xx_dbgmcu.o(.rev16_text), (4 bytes).
    Removing stm32f4xx_dbgmcu.o(.revsh_text), (4 bytes).
    Removing stm32f4xx_dbgmcu.o(.text), (76 bytes).
    Removing stm32f4xx_dma2d.o(.rev16_text), (4 bytes).
    Removing stm32f4xx_dma2d.o(.revsh_text), (4 bytes).
    Removing stm32f4xx_dma2d.o(.text), (692 bytes).
    Removing stm32f4xx_dma.o(.rev16_text), (4 bytes).
    Removing stm32f4xx_dma.o(.revsh_text), (4 bytes).
    Removing stm32f4xx_dma.o(.text), (800 bytes).
    Removing stm32f4xx_exti.o(.rev16_text), (4 bytes).
    Removing stm32f4xx_exti.o(.revsh_text), (4 bytes).
    Removing stm32f4xx_exti.o(.text), (224 bytes).
    Removing stm32f4xx_flash.o(.rev16_text), (4 bytes).
    Removing stm32f4xx_flash.o(.revsh_text), (4 bytes).
    Removing stm32f4xx_flash.o(.text), (1256 bytes).
    Removing stm32f4xx_flash_ramfunc.o(.rev16_text), (4 bytes).
    Removing stm32f4xx_flash_ramfunc.o(.revsh_text), (4 bytes).
    Removing stm32f4xx_flash_ramfunc.o(.text), (48 bytes).
    Removing stm32f4xx_fsmc.o(.rev16_text), (4 bytes).
    Removing stm32f4xx_fsmc.o(.revsh_text), (4 bytes).
    Removing stm32f4xx_fsmc.o(.text), (1096 bytes).
    Removing stm32f4xx_fsmc.o(.constdata), (28 bytes).
    Removing stm32f4xx_gpio.o(.rev16_text), (4 bytes).
    Removing stm32f4xx_gpio.o(.revsh_text), (4 bytes).
    Removing stm32f4xx_i2c.o(.rev16_text), (4 bytes).
    Removing stm32f4xx_i2c.o(.revsh_text), (4 bytes).
    Removing stm32f4xx_i2c.o(.text), (864 bytes).
    Removing stm32f4xx_rcc.o(.rev16_text), (4 bytes).
    Removing stm32f4xx_rcc.o(.revsh_text), (4 bytes).
    Removing stm32f4xx_rng.o(.rev16_text), (4 bytes).
    Removing stm32f4xx_rng.o(.revsh_text), (4 bytes).
    Removing stm32f4xx_rng.o(.text), (140 bytes).
    Removing stm32f4xx_rtc.o(.rev16_text), (4 bytes).
    Removing stm32f4xx_rtc.o(.revsh_text), (4 bytes).
    Removing stm32f4xx_rtc.o(.text), (2636 bytes).
    Removing stm32f4xx_sdio.o(.rev16_text), (4 bytes).
    Removing stm32f4xx_sdio.o(.revsh_text), (4 bytes).
    Removing stm32f4xx_sdio.o(.text), (440 bytes).
    Removing stm32f4xx_syscfg.o(.rev16_text), (4 bytes).
    Removing stm32f4xx_syscfg.o(.revsh_text), (4 bytes).
    Removing stm32f4xx_syscfg.o(.text), (124 bytes).
    Removing stm32f4xx_tim.o(.rev16_text), (4 bytes).
    Removing stm32f4xx_tim.o(.revsh_text), (4 bytes).
    Removing stm32f4xx_tim.o(.text), (2524 bytes).
    Removing stm32f4xx_usart.o(.rev16_text), (4 bytes).
    Removing stm32f4xx_usart.o(.revsh_text), (4 bytes).
    Removing stm32f4xx_usart.o(.text), (856 bytes).
    Removing delay.o(.rev16_text), (4 bytes).
    Removing delay.o(.revsh_text), (4 bytes).
    Removing sys.o(.rev16_text), (4 bytes).
    Removing sys.o(.revsh_text), (4 bytes).
    Removing sys.o(.emb_text), (16 bytes).
    Removing hmc5883l.o(.rev16_text), (4 bytes).
    Removing hmc5883l.o(.revsh_text), (4 bytes).
    Removing fmath.o(.rev16_text), (4 bytes).
    Removing fmath.o(.revsh_text), (4 bytes).
    Removing fmath.o(.text), (132 bytes).
    Removing mpu6050.o(.rev16_text), (4 bytes).
    Removing mpu6050.o(.revsh_text), (4 bytes).
    Removing ioi2c.o(.rev16_text), (4 bytes).
    Removing ioi2c.o(.revsh_text), (4 bytes).
    Removing ms5611.o(.rev16_text), (4 bytes).
    Removing ms5611.o(.revsh_text), (4 bytes).
    Removing kalman.o(.rev16_text), (4 bytes).
    Removing kalman.o(.revsh_text), (4 bytes).
    Removing imu_ahrs.o(.rev16_text), (4 bytes).
    Removing imu_ahrs.o(.revsh_text), (4 bytes).
    Removing imu_ahrs.o(.data), (4 bytes).
    Removing imu_ahrs.o(.data), (4 bytes).
    Removing dneg.o(.text), (6 bytes).
    Removing cdcmple.o(.text), (48 bytes).

80 unused section(s) (total 12758 bytes) removed from the image.

==============================================================================

Image Symbol Table

    Local Symbols

    Symbol Name                              Value     Ov Type        Size  Object(Section)

    ../clib/../cmprslib/zerorunl2.c          0x00000000   Number         0  __dczerorl2.o ABSOLUTE
    ../clib/microlib/division.c              0x00000000   Number         0  uldiv.o ABSOLUTE
    ../clib/microlib/division.c              0x00000000   Number         0  ldiv.o ABSOLUTE
    ../clib/microlib/errno.c                 0x00000000   Number         0  errno.o ABSOLUTE
    ../clib/microlib/init/entry.s            0x00000000   Number         0  entry10a.o ABSOLUTE
    ../clib/microlib/init/entry.s            0x00000000   Number         0  entry10b.o ABSOLUTE
    ../clib/microlib/init/entry.s            0x00000000   Number         0  entry11a.o ABSOLUTE
    ../clib/microlib/init/entry.s            0x00000000   Number         0  entry9b.o ABSOLUTE
    ../clib/microlib/init/entry.s            0x00000000   Number         0  entry9a.o ABSOLUTE
    ../clib/microlib/init/entry.s            0x00000000   Number         0  entry8b.o ABSOLUTE
    ../clib/microlib/init/entry.s            0x00000000   Number         0  entry8a.o ABSOLUTE
    ../clib/microlib/init/entry.s            0x00000000   Number         0  entry7b.o ABSOLUTE
    ../clib/microlib/init/entry.s            0x00000000   Number         0  entry7a.o ABSOLUTE
    ../clib/microlib/init/entry.s            0x00000000   Number         0  entry5.o ABSOLUTE
    ../clib/microlib/init/entry.s            0x00000000   Number         0  entry11b.o ABSOLUTE
    ../clib/microlib/init/entry.s            0x00000000   Number         0  entry2.o ABSOLUTE
    ../clib/microlib/init/entry.s            0x00000000   Number         0  entry.o ABSOLUTE
    ../clib/microlib/longlong.c              0x00000000   Number         0  llshl.o ABSOLUTE
    ../clib/microlib/longlong.c              0x00000000   Number         0  llushr.o ABSOLUTE
    ../clib/microlib/longlong.c              0x00000000   Number         0  llsshr.o ABSOLUTE
    ../clib/microlib/stdlib/abs.c            0x00000000   Number         0  siabs.o ABSOLUTE
    ../clib/microlib/stdlib/abs.c            0x00000000   Number         0  ilabs.o ABSOLUTE
    ../clib/microlib/stubs.s                 0x00000000   Number         0  iusefp.o ABSOLUTE
    ../fplib/microlib/d2f.c                  0x00000000   Number         0  d2f.o ABSOLUTE
    ../fplib/microlib/f2d.c                  0x00000000   Number         0  f2d.o ABSOLUTE
    ../fplib/microlib/fpadd.c                0x00000000   Number         0  dadd.o ABSOLUTE
    ../fplib/microlib/fpdiv.c                0x00000000   Number         0  ddiv.o ABSOLUTE
    ../fplib/microlib/fpepilogue.c           0x00000000   Number         0  fepilogue.o ABSOLUTE
    ../fplib/microlib/fpepilogue.c           0x00000000   Number         0  depilogue.o ABSOLUTE
    ../fplib/microlib/fpfix.c                0x00000000   Number         0  dfixi.o ABSOLUTE
    ../fplib/microlib/fpflt.c                0x00000000   Number         0  dfltui.o ABSOLUTE
    ../fplib/microlib/fpflt.c                0x00000000   Number         0  dflti.o ABSOLUTE
    ../fplib/microlib/fpmul.c                0x00000000   Number         0  dmul.o ABSOLUTE
    ../fplib/microlib/fpneg.c                0x00000000   Number         0  dneg.o ABSOLUTE
    ../fplib/microlib/fpscalb.c              0x00000000   Number         0  dscalb.o ABSOLUTE
    ../fplib/microlib/fpsqrt.c               0x00000000   Number         0  dsqrt.o ABSOLUTE
    ../mathlib/asin.c                        0x00000000   Number         0  asin_x.o ABSOLUTE
    ../mathlib/asin.c                        0x00000000   Number         0  asin.o ABSOLUTE
    ../mathlib/atan.c                        0x00000000   Number         0  atan.o ABSOLUTE
    ../mathlib/atan.c                        0x00000000   Number         0  atan_x.o ABSOLUTE
    ../mathlib/atan2.c                       0x00000000   Number         0  atan2_x.o ABSOLUTE
    ../mathlib/atan2.c                       0x00000000   Number         0  atan2.o ABSOLUTE
    ../mathlib/cos.c                         0x00000000   Number         0  cos_x.o ABSOLUTE
    ../mathlib/cos.c                         0x00000000   Number         0  cos.o ABSOLUTE
    ../mathlib/cos_i.c                       0x00000000   Number         0  cos_i.o ABSOLUTE
    ../mathlib/dunder.c                      0x00000000   Number         0  dunder.o ABSOLUTE
    ../mathlib/fabs.c                        0x00000000   Number         0  fabs.o ABSOLUTE
    ../mathlib/fpclassify.c                  0x00000000   Number         0  fpclassify.o ABSOLUTE
    ../mathlib/poly.c                        0x00000000   Number         0  poly.o ABSOLUTE
    ../mathlib/pow.c                         0x00000000   Number         0  pow.o ABSOLUTE
    ../mathlib/pow.c                         0x00000000   Number         0  pow_x.o ABSOLUTE
    ../mathlib/qnan.c                        0x00000000   Number         0  qnan.o ABSOLUTE
    ../mathlib/rred.c                        0x00000000   Number         0  rred.o ABSOLUTE
    ../mathlib/sin.c                         0x00000000   Number         0  sin_x.o ABSOLUTE
    ../mathlib/sin.c                         0x00000000   Number         0  sin.o ABSOLUTE
    ../mathlib/sin_i.c                       0x00000000   Number         0  sin_i.o ABSOLUTE
    ../mathlib/sin_i.c                       0x00000000   Number         0  sin_i_x.o ABSOLUTE
    ../mathlib/sqrt.c                        0x00000000   Number         0  sqrt_x.o ABSOLUTE
    ../mathlib/sqrt.c                        0x00000000   Number         0  sqrt.o ABSOLUTE
    ..\CORE\startup_stm32f40_41xxx.s         0x00000000   Number         0  startup_stm32f40_41xxx.o ABSOLUTE
    ..\FWLIB\src\misc.c                      0x00000000   Number         0  misc.o ABSOLUTE
    ..\FWLIB\src\stm32f4xx_dbgmcu.c          0x00000000   Number         0  stm32f4xx_dbgmcu.o ABSOLUTE
    ..\FWLIB\src\stm32f4xx_dma.c             0x00000000   Number         0  stm32f4xx_dma.o ABSOLUTE
    ..\FWLIB\src\stm32f4xx_dma2d.c           0x00000000   Number         0  stm32f4xx_dma2d.o ABSOLUTE
    ..\FWLIB\src\stm32f4xx_exti.c            0x00000000   Number         0  stm32f4xx_exti.o ABSOLUTE
    ..\FWLIB\src\stm32f4xx_flash.c           0x00000000   Number         0  stm32f4xx_flash.o ABSOLUTE
    ..\FWLIB\src\stm32f4xx_flash_ramfunc.c   0x00000000   Number         0  stm32f4xx_flash_ramfunc.o ABSOLUTE
    ..\FWLIB\src\stm32f4xx_fsmc.c            0x00000000   Number         0  stm32f4xx_fsmc.o ABSOLUTE
    ..\FWLIB\src\stm32f4xx_gpio.c            0x00000000   Number         0  stm32f4xx_gpio.o ABSOLUTE
    ..\FWLIB\src\stm32f4xx_i2c.c             0x00000000   Number         0  stm32f4xx_i2c.o ABSOLUTE
    ..\FWLIB\src\stm32f4xx_rcc.c             0x00000000   Number         0  stm32f4xx_rcc.o ABSOLUTE
    ..\FWLIB\src\stm32f4xx_rng.c             0x00000000   Number         0  stm32f4xx_rng.o ABSOLUTE
    ..\FWLIB\src\stm32f4xx_rtc.c             0x00000000   Number         0  stm32f4xx_rtc.o ABSOLUTE
    ..\FWLIB\src\stm32f4xx_sdio.c            0x00000000   Number         0  stm32f4xx_sdio.o ABSOLUTE
    ..\FWLIB\src\stm32f4xx_syscfg.c          0x00000000   Number         0  stm32f4xx_syscfg.o ABSOLUTE
    ..\FWLIB\src\stm32f4xx_tim.c             0x00000000   Number         0  stm32f4xx_tim.o ABSOLUTE
    ..\FWLIB\src\stm32f4xx_usart.c           0x00000000   Number         0  stm32f4xx_usart.o ABSOLUTE
    ..\HardWareDriver\HMC5883L\HMC5883L.c    0x00000000   Number         0  hmc5883l.o ABSOLUTE
    ..\HardWareDriver\IMU\IMU_AHRS.c         0x00000000   Number         0  imu_ahrs.o ABSOLUTE
    ..\HardWareDriver\Kalman\Kalman.c        0x00000000   Number         0  kalman.o ABSOLUTE
    ..\HardWareDriver\MPU6050\MPU6050.c      0x00000000   Number         0  mpu6050.o ABSOLUTE
    ..\HardWareDriver\MS5611\ms5611.c        0x00000000   Number         0  ms5611.o ABSOLUTE
    ..\HardWareDriver\Math\Fmath.c           0x00000000   Number         0  fmath.o ABSOLUTE
    ..\HardWareDriver\Service\IOI2C.c        0x00000000   Number         0  ioi2c.o ABSOLUTE
    ..\SYSTEM\delay\delay.c                  0x00000000   Number         0  delay.o ABSOLUTE
    ..\SYSTEM\sys\sys.c                      0x00000000   Number         0  sys.o ABSOLUTE
    ..\\FWLIB\\src\\misc.c                   0x00000000   Number         0  misc.o ABSOLUTE
    ..\\FWLIB\\src\\stm32f4xx_dbgmcu.c       0x00000000   Number         0  stm32f4xx_dbgmcu.o ABSOLUTE
    ..\\FWLIB\\src\\stm32f4xx_dma.c          0x00000000   Number         0  stm32f4xx_dma.o ABSOLUTE
    ..\\FWLIB\\src\\stm32f4xx_dma2d.c        0x00000000   Number         0  stm32f4xx_dma2d.o ABSOLUTE
    ..\\FWLIB\\src\\stm32f4xx_exti.c         0x00000000   Number         0  stm32f4xx_exti.o ABSOLUTE
    ..\\FWLIB\\src\\stm32f4xx_flash.c        0x00000000   Number         0  stm32f4xx_flash.o ABSOLUTE
    ..\\FWLIB\\src\\stm32f4xx_flash_ramfunc.c 0x00000000   Number         0  stm32f4xx_flash_ramfunc.o ABSOLUTE
    ..\\FWLIB\\src\\stm32f4xx_fsmc.c         0x00000000   Number         0  stm32f4xx_fsmc.o ABSOLUTE
    ..\\FWLIB\\src\\stm32f4xx_gpio.c         0x00000000   Number         0  stm32f4xx_gpio.o ABSOLUTE
    ..\\FWLIB\\src\\stm32f4xx_i2c.c          0x00000000   Number         0  stm32f4xx_i2c.o ABSOLUTE
    ..\\FWLIB\\src\\stm32f4xx_rcc.c          0x00000000   Number         0  stm32f4xx_rcc.o ABSOLUTE
    ..\\FWLIB\\src\\stm32f4xx_rng.c          0x00000000   Number         0  stm32f4xx_rng.o ABSOLUTE
    ..\\FWLIB\\src\\stm32f4xx_rtc.c          0x00000000   Number         0  stm32f4xx_rtc.o ABSOLUTE
    ..\\FWLIB\\src\\stm32f4xx_sdio.c         0x00000000   Number         0  stm32f4xx_sdio.o ABSOLUTE
    ..\\FWLIB\\src\\stm32f4xx_syscfg.c       0x00000000   Number         0  stm32f4xx_syscfg.o ABSOLUTE
    ..\\FWLIB\\src\\stm32f4xx_tim.c          0x00000000   Number         0  stm32f4xx_tim.o ABSOLUTE
    ..\\FWLIB\\src\\stm32f4xx_usart.c        0x00000000   Number         0  stm32f4xx_usart.o ABSOLUTE
    ..\\HardWareDriver\\HMC5883L\\HMC5883L.c 0x00000000   Number         0  hmc5883l.o ABSOLUTE
    ..\\HardWareDriver\\IMU\\IMU_AHRS.c      0x00000000   Number         0  imu_ahrs.o ABSOLUTE
    ..\\HardWareDriver\\Kalman\\Kalman.c     0x00000000   Number         0  kalman.o ABSOLUTE
    ..\\HardWareDriver\\MPU6050\\MPU6050.c   0x00000000   Number         0  mpu6050.o ABSOLUTE
    ..\\HardWareDriver\\MS5611\\ms5611.c     0x00000000   Number         0  ms5611.o ABSOLUTE
    ..\\HardWareDriver\\Math\\Fmath.c        0x00000000   Number         0  fmath.o ABSOLUTE
    ..\\HardWareDriver\\Service\\IOI2C.c     0x00000000   Number         0  ioi2c.o ABSOLUTE
    ..\\SYSTEM\\delay\\delay.c               0x00000000   Number         0  delay.o ABSOLUTE
    ..\\SYSTEM\\sys\\sys.c                   0x00000000   Number         0  sys.o ABSOLUTE
    cdcmple.s                                0x00000000   Number         0  cdcmple.o ABSOLUTE
    cdrcmple.s                               0x00000000   Number         0  cdrcmple.o ABSOLUTE
    dc.s                                     0x00000000   Number         0  dc.o ABSOLUTE
    handlers.s                               0x00000000   Number         0  handlers.o ABSOLUTE
    init.s                                   0x00000000   Number         0  init.o ABSOLUTE
    main.c                                   0x00000000   Number         0  main.o ABSOLUTE
    main.c                                   0x00000000   Number         0  main.o ABSOLUTE
    stm32f4xx_it.c                           0x00000000   Number         0  stm32f4xx_it.o ABSOLUTE
    stm32f4xx_it.c                           0x00000000   Number         0  stm32f4xx_it.o ABSOLUTE
    system_stm32f4xx.c                       0x00000000   Number         0  system_stm32f4xx.o ABSOLUTE
    system_stm32f4xx.c                       0x00000000   Number         0  system_stm32f4xx.o ABSOLUTE
    RESET                                    0x08000000   Section      392  startup_stm32f40_41xxx.o(RESET)
    .ARM.Collect$$$$00000000                 0x08000188   Section        0  entry.o(.ARM.Collect$$$$00000000)
    .ARM.Collect$$$$00000001                 0x08000188   Section        4  entry2.o(.ARM.Collect$$$$00000001)
    .ARM.Collect$$$$00000004                 0x0800018c   Section        4  entry5.o(.ARM.Collect$$$$00000004)
    .ARM.Collect$$$$00000008                 0x08000190   Section        0  entry7b.o(.ARM.Collect$$$$00000008)
    .ARM.Collect$$$$0000000A                 0x08000190   Section        0  entry8b.o(.ARM.Collect$$$$0000000A)
    .ARM.Collect$$$$0000000B                 0x08000190   Section        8  entry9a.o(.ARM.Collect$$$$0000000B)
    .ARM.Collect$$$$0000000D                 0x08000198   Section        0  entry10a.o(.ARM.Collect$$$$0000000D)
    .ARM.Collect$$$$0000000F                 0x08000198   Section        0  entry11a.o(.ARM.Collect$$$$0000000F)
    .ARM.Collect$$$$00002712                 0x08000198   Section        4  entry2.o(.ARM.Collect$$$$00002712)
    __lit__00000000                          0x08000198   Data           4  entry2.o(.ARM.Collect$$$$00002712)
    .text                                    0x0800019c   Section        0  main.o(.text)
    .text                                    0x08000364   Section        0  stm32f4xx_it.o(.text)
    .text                                    0x08000378   Section        0  system_stm32f4xx.o(.text)
    SetSysClock                              0x08000379   Thumb Code   162  system_stm32f4xx.o(.text)
    .text                                    0x080004f4   Section       36  startup_stm32f40_41xxx.o(.text)
    $v0                                      0x080004f4   Number         0  startup_stm32f40_41xxx.o(.text)
    .text                                    0x08000518   Section        0  misc.o(.text)
    .text                                    0x080005c8   Section        0  stm32f4xx_gpio.o(.text)
    .text                                    0x080007d4   Section        0  stm32f4xx_rcc.o(.text)
    .text                                    0x08000c54   Section        0  delay.o(.text)
    .text                                    0x08000d0c   Section        0  hmc5883l.o(.text)
    .text                                    0x08000fa0   Section        0  mpu6050.o(.text)
    .text                                    0x08001350   Section        0  ioi2c.o(.text)
    .text                                    0x080016ec   Section        0  ms5611.o(.text)
    .text                                    0x08001b5c   Section        0  kalman.o(.text)
    .text                                    0x08001ce4   Section        0  imu_ahrs.o(.text)
    .text                                    0x08003808   Section        0  ldiv.o(.text)
    .text                                    0x0800386a   Section        0  siabs.o(.text)
    .text                                    0x08003872   Section        0  dadd.o(.text)
    .text                                    0x080039c0   Section        0  dmul.o(.text)
    .text                                    0x08003aa4   Section        0  ddiv.o(.text)
    .text                                    0x08003b82   Section        0  dflti.o(.text)
    .text                                    0x08003ba4   Section        0  dfltui.o(.text)
    .text                                    0x08003bbe   Section        0  dfixi.o(.text)
    .text                                    0x08003bfc   Section        0  f2d.o(.text)
    .text                                    0x08003c24   Section       48  cdrcmple.o(.text)
    .text                                    0x08003c54   Section        0  d2f.o(.text)
    .text                                    0x08003c8c   Section        0  uldiv.o(.text)
    .text                                    0x08003cee   Section        0  llshl.o(.text)
    .text                                    0x08003d0c   Section        0  llushr.o(.text)
    .text                                    0x08003d2c   Section        0  llsshr.o(.text)
    .text                                    0x08003d50   Section        0  fepilogue.o(.text)
    .text                                    0x08003d50   Section        0  iusefp.o(.text)
    .text                                    0x08003dbe   Section        0  depilogue.o(.text)
    .text                                    0x08003e78   Section        0  dscalb.o(.text)
    .text                                    0x08003ea6   Section        0  dsqrt.o(.text)
    .text                                    0x08003f48   Section       36  init.o(.text)
    .text                                    0x08003f6c   Section        0  __dczerorl2.o(.text)
    i.__ARM_fpclassify                       0x08003fc2   Section        0  fpclassify.o(i.__ARM_fpclassify)
    i.__hardfp_asin                          0x08003ff8   Section        0  asin.o(i.__hardfp_asin)
    i.__hardfp_atan                          0x08004358   Section        0  atan.o(i.__hardfp_atan)
    i.__hardfp_atan2                         0x08004630   Section        0  atan2.o(i.__hardfp_atan2)
    i.__hardfp_cos                           0x08004820   Section        0  cos.o(i.__hardfp_cos)
    i.__hardfp_pow                           0x080048e8   Section        0  pow.o(i.__hardfp_pow)
    i.__hardfp_sin                           0x08005538   Section        0  sin.o(i.__hardfp_sin)
    i.__hardfp_sqrt                          0x08005600   Section        0  sqrt.o(i.__hardfp_sqrt)
    i.__ieee754_rem_pio2                     0x08005680   Section        0  rred.o(i.__ieee754_rem_pio2)
    i.__kernel_cos                           0x08005ab8   Section        0  cos_i.o(i.__kernel_cos)
    i.__kernel_poly                          0x08005c28   Section        0  poly.o(i.__kernel_poly)
    i.__kernel_sin                           0x08005d20   Section        0  sin_i.o(i.__kernel_sin)
    i.__mathlib_dbl_divzero                  0x08005e50   Section        0  dunder.o(i.__mathlib_dbl_divzero)
    i.__mathlib_dbl_infnan                   0x08005e80   Section        0  dunder.o(i.__mathlib_dbl_infnan)
    i.__mathlib_dbl_infnan2                  0x08005e94   Section        0  dunder.o(i.__mathlib_dbl_infnan2)
    i.__mathlib_dbl_invalid                  0x08005ea8   Section        0  dunder.o(i.__mathlib_dbl_invalid)
    i.__mathlib_dbl_overflow                 0x08005ec8   Section        0  dunder.o(i.__mathlib_dbl_overflow)
    i.__mathlib_dbl_underflow                0x08005ee8   Section        0  dunder.o(i.__mathlib_dbl_underflow)
    i.__scatterload_copy                     0x08005f08   Section       14  handlers.o(i.__scatterload_copy)
    i.__scatterload_null                     0x08005f16   Section        2  handlers.o(i.__scatterload_null)
    i.__scatterload_zeroinit                 0x08005f18   Section       14  handlers.o(i.__scatterload_zeroinit)
    i.__set_errno                            0x08005f28   Section        0  errno.o(i.__set_errno)
    i.atan                                   0x08005f34   Section        0  atan.o(i.atan)
    i.fabs                                   0x08005f44   Section        0  fabs.o(i.fabs)
    i.sqrt                                   0x08005f5c   Section        0  sqrt.o(i.sqrt)
    .constdata                               0x08005fd0   Section       80  asin.o(.constdata)
    pS                                       0x08005fd0   Data          48  asin.o(.constdata)
    qS                                       0x08006000   Data          32  asin.o(.constdata)
    .constdata                               0x08006020   Section      152  atan.o(.constdata)
    atanhi                                   0x08006020   Data          32  atan.o(.constdata)
    atanlo                                   0x08006040   Data          32  atan.o(.constdata)
    aTodd                                    0x08006060   Data          40  atan.o(.constdata)
    aTeven                                   0x08006088   Data          48  atan.o(.constdata)
    .constdata                               0x080060b8   Section      136  pow.o(.constdata)
    bp                                       0x080060b8   Data          16  pow.o(.constdata)
    dp_h                                     0x080060c8   Data          16  pow.o(.constdata)
    dp_l                                     0x080060d8   Data          16  pow.o(.constdata)
    L                                        0x080060e8   Data          48  pow.o(.constdata)
    P                                        0x08006118   Data          40  pow.o(.constdata)
    .constdata                               0x08006140   Section       48  cos_i.o(.constdata)
    C                                        0x08006140   Data          48  cos_i.o(.constdata)
    .constdata                               0x08006170   Section        8  qnan.o(.constdata)
    .constdata                               0x08006178   Section      200  rred.o(.constdata)
    pio2s                                    0x08006178   Data          48  rred.o(.constdata)
    twooverpi                                0x080061a8   Data         152  rred.o(.constdata)
    .constdata                               0x08006240   Section       40  sin_i.o(.constdata)
    S                                        0x08006240   Data          40  sin_i.o(.constdata)
    .data                                    0x20000000   Section       48  main.o(.data)
    .data                                    0x20000030   Section       20  system_stm32f4xx.o(.data)
    .data                                    0x20000044   Section       16  stm32f4xx_rcc.o(.data)
    APBAHBPrescTable                         0x20000044   Data          16  stm32f4xx_rcc.o(.data)
    .data                                    0x20000054   Section        4  delay.o(.data)
    fac_us                                   0x20000054   Data           1  delay.o(.data)
    fac_ms                                   0x20000056   Data           2  delay.o(.data)
    .data                                    0x20000058   Section       44  hmc5883l.o(.data)
    .data                                    0x20000084   Section       20  mpu6050.o(.data)
    .data                                    0x20000098   Section        2  ioi2c.o(.data)
    .data                                    0x200000a0   Section       48  ms5611.o(.data)
    .data                                    0x200000d0   Section       96  kalman.o(.data)
    .data                                    0x20000130   Section      144  imu_ahrs.o(.data)
    rateroll                                 0x20000134   Data           4  imu_ahrs.o(.data)
    ratepitch                                0x20000138   Data           4  imu_ahrs.o(.data)
    rateyaw                                  0x2000013c   Data           4  imu_ahrs.o(.data)
    temp_rateroll                            0x20000140   Data           4  imu_ahrs.o(.data)
    temp_ratepitch                           0x20000144   Data           4  imu_ahrs.o(.data)
    temp_rateyaw                             0x20000148   Data           4  imu_ahrs.o(.data)
    offset_gx                                0x20000198   Data           4  imu_ahrs.o(.data)
    offset_gy                                0x2000019c   Data           4  imu_ahrs.o(.data)
    offset_gz                                0x200001a0   Data           4  imu_ahrs.o(.data)
    .data                                    0x200001c0   Section        4  errno.o(.data)
    _errno                                   0x200001c0   Data           4  errno.o(.data)
    .bss                                     0x200001c4   Section       24  main.o(.bss)
    .bss                                     0x200001dc   Section       66  hmc5883l.o(.bss)
    .bss                                     0x2000021e   Section      146  mpu6050.o(.bss)
    .bss                                     0x200002b0   Section       12  ms5611.o(.bss)
    .bss                                     0x200002bc   Section       32  kalman.o(.bss)
    .bss                                     0x200002dc   Section       76  imu_ahrs.o(.bss)
    lastacc                                  0x200002dc   Data          12  imu_ahrs.o(.bss)
    q                                        0x200002e8   Data          16  imu_ahrs.o(.bss)
    IMU_unscaled                             0x200002f8   Data          12  imu_ahrs.o(.bss)
    IMU_data                                 0x20000304   Data          36  imu_ahrs.o(.bss)
    STACK                                    0x20000328   Section     1024  startup_stm32f40_41xxx.o(STACK)

    Global Symbols

    Symbol Name                              Value     Ov Type        Size  Object(Section)

    BuildAttributes$$THM_ISAv4$E$P$D$K$B$S$7EM$VFPi3$EXTD16$VFPS$VFMA$PE$A:L22UL41UL21$X:L11$S22US41US21$IEEE1$IW$USESV6$~STKCKD$USESV7$~SHL$OTIME$ROPI$IEEEX$EBA8$MICROLIB$REQ8$PRES8$EABIv2 0x00000000   Number         0  anon$$obj.o ABSOLUTE
    __ARM_use_no_argv                        0x00000000   Number         0  main.o ABSOLUTE
    __cpp_initialize__aeabi_                  - Undefined Weak Reference
    __cxa_finalize                            - Undefined Weak Reference
    _clock_init                               - Undefined Weak Reference
    _microlib_exit                            - Undefined Weak Reference
    __Vectors_Size                           0x00000188   Number         0  startup_stm32f40_41xxx.o ABSOLUTE
    __Vectors                                0x08000000   Data           4  startup_stm32f40_41xxx.o(RESET)
    __Vectors_End                            0x08000188   Data           0  startup_stm32f40_41xxx.o(RESET)
    __main                                   0x08000189   Thumb Code     0  entry.o(.ARM.Collect$$$$00000000)
    _main_stk                                0x08000189   Thumb Code     0  entry2.o(.ARM.Collect$$$$00000001)
    _main_scatterload                        0x0800018d   Thumb Code     0  entry5.o(.ARM.Collect$$$$00000004)
    __main_after_scatterload                 0x08000191   Thumb Code     0  entry5.o(.ARM.Collect$$$$00000004)
    _main_clock                              0x08000191   Thumb Code     0  entry7b.o(.ARM.Collect$$$$00000008)
    _main_cpp_init                           0x08000191   Thumb Code     0  entry8b.o(.ARM.Collect$$$$0000000A)
    _main_init                               0x08000191   Thumb Code     0  entry9a.o(.ARM.Collect$$$$0000000B)
    __rt_final_cpp                           0x08000199   Thumb Code     0  entry10a.o(.ARM.Collect$$$$0000000D)
    __rt_final_exit                          0x08000199   Thumb Code     0  entry11a.o(.ARM.Collect$$$$0000000F)
    Initial_System_Timer                     0x0800019d   Thumb Code    60  main.o(.text)
    get_Baro                                 0x080001d9   Thumb Code    92  main.o(.text)
    main                                     0x08000235   Thumb Code   258  main.o(.text)
    NMI_Handler                              0x08000365   Thumb Code     2  stm32f4xx_it.o(.text)
    HardFault_Handler                        0x08000367   Thumb Code     2  stm32f4xx_it.o(.text)
    MemManage_Handler                        0x08000369   Thumb Code     2  stm32f4xx_it.o(.text)
    BusFault_Handler                         0x0800036b   Thumb Code     2  stm32f4xx_it.o(.text)
    UsageFault_Handler                       0x0800036d   Thumb Code     2  stm32f4xx_it.o(.text)
    SVC_Handler                              0x0800036f   Thumb Code     2  stm32f4xx_it.o(.text)
    DebugMon_Handler                         0x08000371   Thumb Code     2  stm32f4xx_it.o(.text)
    PendSV_Handler                           0x08000373   Thumb Code     2  stm32f4xx_it.o(.text)
    SysTick_Handler                          0x08000375   Thumb Code     2  stm32f4xx_it.o(.text)
    SystemInit                               0x0800041b   Thumb Code    74  system_stm32f4xx.o(.text)
    SystemCoreClockUpdate                    0x08000465   Thumb Code   108  system_stm32f4xx.o(.text)
    Reset_Handler                            0x080004f5   Thumb Code     8  startup_stm32f40_41xxx.o(.text)
    ADC_IRQHandler                           0x0800050f   Thumb Code     0  startup_stm32f40_41xxx.o(.text)
    CAN1_RX0_IRQHandler                      0x0800050f   Thumb Code     0  startup_stm32f40_41xxx.o(.text)
    CAN1_RX1_IRQHandler                      0x0800050f   Thumb Code     0  startup_stm32f40_41xxx.o(.text)
    CAN1_SCE_IRQHandler                      0x0800050f   Thumb Code     0  startup_stm32f40_41xxx.o(.text)
    CAN1_TX_IRQHandler                       0x0800050f   Thumb Code     0  startup_stm32f40_41xxx.o(.text)
    CAN2_RX0_IRQHandler                      0x0800050f   Thumb Code     0  startup_stm32f40_41xxx.o(.text)
    CAN2_RX1_IRQHandler                      0x0800050f   Thumb Code     0  startup_stm32f40_41xxx.o(.text)
    CAN2_SCE_IRQHandler                      0x0800050f   Thumb Code     0  startup_stm32f40_41xxx.o(.text)
    CAN2_TX_IRQHandler                       0x0800050f   Thumb Code     0  startup_stm32f40_41xxx.o(.text)
    CRYP_IRQHandler                          0x0800050f   Thumb Code     0  startup_stm32f40_41xxx.o(.text)
    DCMI_IRQHandler                          0x0800050f   Thumb Code     0  startup_stm32f40_41xxx.o(.text)
    DMA1_Stream0_IRQHandler                  0x0800050f   Thumb Code     0  startup_stm32f40_41xxx.o(.text)
    DMA1_Stream1_IRQHandler                  0x0800050f   Thumb Code     0  startup_stm32f40_41xxx.o(.text)
    DMA1_Stream2_IRQHandler                  0x0800050f   Thumb Code     0  startup_stm32f40_41xxx.o(.text)
    DMA1_Stream3_IRQHandler                  0x0800050f   Thumb Code     0  startup_stm32f40_41xxx.o(.text)
    DMA1_Stream4_IRQHandler                  0x0800050f   Thumb Code     0  startup_stm32f40_41xxx.o(.text)
    DMA1_Stream5_IRQHandler                  0x0800050f   Thumb Code     0  startup_stm32f40_41xxx.o(.text)
    DMA1_Stream6_IRQHandler                  0x0800050f   Thumb Code     0  startup_stm32f40_41xxx.o(.text)
    DMA1_Stream7_IRQHandler                  0x0800050f   Thumb Code     0  startup_stm32f40_41xxx.o(.text)
    DMA2_Stream0_IRQHandler                  0x0800050f   Thumb Code     0  startup_stm32f40_41xxx.o(.text)
    DMA2_Stream1_IRQHandler                  0x0800050f   Thumb Code     0  startup_stm32f40_41xxx.o(.text)
    DMA2_Stream2_IRQHandler                  0x0800050f   Thumb Code     0  startup_stm32f40_41xxx.o(.text)
    DMA2_Stream3_IRQHandler                  0x0800050f   Thumb Code     0  startup_stm32f40_41xxx.o(.text)
    DMA2_Stream4_IRQHandler                  0x0800050f   Thumb Code     0  startup_stm32f40_41xxx.o(.text)
    DMA2_Stream5_IRQHandler                  0x0800050f   Thumb Code     0  startup_stm32f40_41xxx.o(.text)
    DMA2_Stream6_IRQHandler                  0x0800050f   Thumb Code     0  startup_stm32f40_41xxx.o(.text)
    DMA2_Stream7_IRQHandler                  0x0800050f   Thumb Code     0  startup_stm32f40_41xxx.o(.text)
    ETH_IRQHandler                           0x0800050f   Thumb Code     0  startup_stm32f40_41xxx.o(.text)
    ETH_WKUP_IRQHandler                      0x0800050f   Thumb Code     0  startup_stm32f40_41xxx.o(.text)
    EXTI0_IRQHandler                         0x0800050f   Thumb Code     0  startup_stm32f40_41xxx.o(.text)
    EXTI15_10_IRQHandler                     0x0800050f   Thumb Code     0  startup_stm32f40_41xxx.o(.text)
    EXTI1_IRQHandler                         0x0800050f   Thumb Code     0  startup_stm32f40_41xxx.o(.text)
    EXTI2_IRQHandler                         0x0800050f   Thumb Code     0  startup_stm32f40_41xxx.o(.text)
    EXTI3_IRQHandler                         0x0800050f   Thumb Code     0  startup_stm32f40_41xxx.o(.text)
    EXTI4_IRQHandler                         0x0800050f   Thumb Code     0  startup_stm32f40_41xxx.o(.text)
    EXTI9_5_IRQHandler                       0x0800050f   Thumb Code     0  startup_stm32f40_41xxx.o(.text)
    FLASH_IRQHandler                         0x0800050f   Thumb Code     0  startup_stm32f40_41xxx.o(.text)
    FPU_IRQHandler                           0x0800050f   Thumb Code     0  startup_stm32f40_41xxx.o(.text)
    FSMC_IRQHandler                          0x0800050f   Thumb Code     0  startup_stm32f40_41xxx.o(.text)
    HASH_RNG_IRQHandler                      0x0800050f   Thumb Code     0  startup_stm32f40_41xxx.o(.text)
    I2C1_ER_IRQHandler                       0x0800050f   Thumb Code     0  startup_stm32f40_41xxx.o(.text)
    I2C1_EV_IRQHandler                       0x0800050f   Thumb Code     0  startup_stm32f40_41xxx.o(.text)
    I2C2_ER_IRQHandler                       0x0800050f   Thumb Code     0  startup_stm32f40_41xxx.o(.text)
    I2C2_EV_IRQHandler                       0x0800050f   Thumb Code     0  startup_stm32f40_41xxx.o(.text)
    I2C3_ER_IRQHandler                       0x0800050f   Thumb Code     0  startup_stm32f40_41xxx.o(.text)
    I2C3_EV_IRQHandler                       0x0800050f   Thumb Code     0  startup_stm32f40_41xxx.o(.text)
    OTG_FS_IRQHandler                        0x0800050f   Thumb Code     0  startup_stm32f40_41xxx.o(.text)
    OTG_FS_WKUP_IRQHandler                   0x0800050f   Thumb Code     0  startup_stm32f40_41xxx.o(.text)
    OTG_HS_EP1_IN_IRQHandler                 0x0800050f   Thumb Code     0  startup_stm32f40_41xxx.o(.text)
    OTG_HS_EP1_OUT_IRQHandler                0x0800050f   Thumb Code     0  startup_stm32f40_41xxx.o(.text)
    OTG_HS_IRQHandler                        0x0800050f   Thumb Code     0  startup_stm32f40_41xxx.o(.text)
    OTG_HS_WKUP_IRQHandler                   0x0800050f   Thumb Code     0  startup_stm32f40_41xxx.o(.text)
    PVD_IRQHandler                           0x0800050f   Thumb Code     0  startup_stm32f40_41xxx.o(.text)
    RCC_IRQHandler                           0x0800050f   Thumb Code     0  startup_stm32f40_41xxx.o(.text)
    RTC_Alarm_IRQHandler                     0x0800050f   Thumb Code     0  startup_stm32f40_41xxx.o(.text)
    RTC_WKUP_IRQHandler                      0x0800050f   Thumb Code     0  startup_stm32f40_41xxx.o(.text)
    SDIO_IRQHandler                          0x0800050f   Thumb Code     0  startup_stm32f40_41xxx.o(.text)
    SPI1_IRQHandler                          0x0800050f   Thumb Code     0  startup_stm32f40_41xxx.o(.text)
    SPI2_IRQHandler                          0x0800050f   Thumb Code     0  startup_stm32f40_41xxx.o(.text)
    SPI3_IRQHandler                          0x0800050f   Thumb Code     0  startup_stm32f40_41xxx.o(.text)
    TAMP_STAMP_IRQHandler                    0x0800050f   Thumb Code     0  startup_stm32f40_41xxx.o(.text)
    TIM1_BRK_TIM9_IRQHandler                 0x0800050f   Thumb Code     0  startup_stm32f40_41xxx.o(.text)
    TIM1_CC_IRQHandler                       0x0800050f   Thumb Code     0  startup_stm32f40_41xxx.o(.text)
    TIM1_TRG_COM_TIM11_IRQHandler            0x0800050f   Thumb Code     0  startup_stm32f40_41xxx.o(.text)
    TIM1_UP_TIM10_IRQHandler                 0x0800050f   Thumb Code     0  startup_stm32f40_41xxx.o(.text)
    TIM2_IRQHandler                          0x0800050f   Thumb Code     0  startup_stm32f40_41xxx.o(.text)
    TIM3_IRQHandler                          0x0800050f   Thumb Code     0  startup_stm32f40_41xxx.o(.text)
    TIM4_IRQHandler                          0x0800050f   Thumb Code     0  startup_stm32f40_41xxx.o(.text)
    TIM5_IRQHandler                          0x0800050f   Thumb Code     0  startup_stm32f40_41xxx.o(.text)
    TIM6_DAC_IRQHandler                      0x0800050f   Thumb Code     0  startup_stm32f40_41xxx.o(.text)
    TIM7_IRQHandler                          0x0800050f   Thumb Code     0  startup_stm32f40_41xxx.o(.text)
    TIM8_BRK_TIM12_IRQHandler                0x0800050f   Thumb Code     0  startup_stm32f40_41xxx.o(.text)
    TIM8_CC_IRQHandler                       0x0800050f   Thumb Code     0  startup_stm32f40_41xxx.o(.text)
    TIM8_TRG_COM_TIM14_IRQHandler            0x0800050f   Thumb Code     0  startup_stm32f40_41xxx.o(.text)
    TIM8_UP_TIM13_IRQHandler                 0x0800050f   Thumb Code     0  startup_stm32f40_41xxx.o(.text)
    UART4_IRQHandler                         0x0800050f   Thumb Code     0  startup_stm32f40_41xxx.o(.text)
    UART5_IRQHandler                         0x0800050f   Thumb Code     0  startup_stm32f40_41xxx.o(.text)
    USART1_IRQHandler                        0x0800050f   Thumb Code     0  startup_stm32f40_41xxx.o(.text)
    USART2_IRQHandler                        0x0800050f   Thumb Code     0  startup_stm32f40_41xxx.o(.text)
    USART3_IRQHandler                        0x0800050f   Thumb Code     0  startup_stm32f40_41xxx.o(.text)
    USART6_IRQHandler                        0x0800050f   Thumb Code     0  startup_stm32f40_41xxx.o(.text)
    WWDG_IRQHandler                          0x0800050f   Thumb Code     0  startup_stm32f40_41xxx.o(.text)
    NVIC_PriorityGroupConfig                 0x08000519   Thumb Code    10  misc.o(.text)
    NVIC_Init                                0x08000523   Thumb Code    96  misc.o(.text)
    NVIC_SetVectorTable                      0x08000583   Thumb Code    14  misc.o(.text)
    NVIC_SystemLPConfig                      0x08000591   Thumb Code    20  misc.o(.text)
    SysTick_CLKSourceConfig                  0x080005a5   Thumb Code    24  misc.o(.text)
    GPIO_DeInit                              0x080005c9   Thumb Code   216  stm32f4xx_gpio.o(.text)
    GPIO_Init                                0x080006a1   Thumb Code   120  stm32f4xx_gpio.o(.text)
    GPIO_StructInit                          0x08000719   Thumb Code    18  stm32f4xx_gpio.o(.text)
    GPIO_PinLockConfig                       0x0800072b   Thumb Code    24  stm32f4xx_gpio.o(.text)
    GPIO_ReadInputDataBit                    0x08000743   Thumb Code    14  stm32f4xx_gpio.o(.text)
    GPIO_ReadInputData                       0x08000751   Thumb Code     6  stm32f4xx_gpio.o(.text)
    GPIO_ReadOutputDataBit                   0x08000757   Thumb Code    14  stm32f4xx_gpio.o(.text)
    GPIO_ReadOutputData                      0x08000765   Thumb Code     6  stm32f4xx_gpio.o(.text)
    GPIO_SetBits                             0x0800076b   Thumb Code     4  stm32f4xx_gpio.o(.text)
    GPIO_ResetBits                           0x0800076f   Thumb Code     4  stm32f4xx_gpio.o(.text)
    GPIO_WriteBit                            0x08000773   Thumb Code    10  stm32f4xx_gpio.o(.text)
    GPIO_Write                               0x0800077d   Thumb Code     4  stm32f4xx_gpio.o(.text)
    GPIO_ToggleBits                          0x08000781   Thumb Code     8  stm32f4xx_gpio.o(.text)
    GPIO_PinAFConfig                         0x08000789   Thumb Code    32  stm32f4xx_gpio.o(.text)
    RCC_DeInit                               0x080007d5   Thumb Code    68  stm32f4xx_rcc.o(.text)
    RCC_HSEConfig                            0x08000819   Thumb Code    12  stm32f4xx_rcc.o(.text)
    RCC_GetFlagStatus                        0x08000825   Thumb Code    46  stm32f4xx_rcc.o(.text)
    RCC_WaitForHSEStartUp                    0x08000853   Thumb Code    44  stm32f4xx_rcc.o(.text)
    RCC_AdjustHSICalibrationValue            0x0800087f   Thumb Code    16  stm32f4xx_rcc.o(.text)
    RCC_HSICmd                               0x0800088f   Thumb Code     6  stm32f4xx_rcc.o(.text)
    RCC_LSEConfig                            0x08000895   Thumb Code    24  stm32f4xx_rcc.o(.text)
    RCC_LSICmd                               0x080008ad   Thumb Code     6  stm32f4xx_rcc.o(.text)
    RCC_PLLConfig                            0x080008b3   Thumb Code    32  stm32f4xx_rcc.o(.text)
    RCC_PLLCmd                               0x080008d3   Thumb Code     6  stm32f4xx_rcc.o(.text)
    RCC_PLLI2SConfig                         0x080008d9   Thumb Code    14  stm32f4xx_rcc.o(.text)
    RCC_PLLI2SCmd                            0x080008e7   Thumb Code     6  stm32f4xx_rcc.o(.text)
    RCC_PLLSAIConfig                         0x080008ed   Thumb Code    18  stm32f4xx_rcc.o(.text)
    RCC_PLLSAICmd                            0x080008ff   Thumb Code     6  stm32f4xx_rcc.o(.text)
    RCC_ClockSecuritySystemCmd               0x08000905   Thumb Code     6  stm32f4xx_rcc.o(.text)
    RCC_MCO1Config                           0x0800090b   Thumb Code    18  stm32f4xx_rcc.o(.text)
    RCC_MCO2Config                           0x0800091d   Thumb Code    18  stm32f4xx_rcc.o(.text)
    RCC_SYSCLKConfig                         0x0800092f   Thumb Code    16  stm32f4xx_rcc.o(.text)
    RCC_GetSYSCLKSource                      0x0800093f   Thumb Code    12  stm32f4xx_rcc.o(.text)
    RCC_HCLKConfig                           0x0800094b   Thumb Code    16  stm32f4xx_rcc.o(.text)
    RCC_PCLK1Config                          0x0800095b   Thumb Code    16  stm32f4xx_rcc.o(.text)
    RCC_PCLK2Config                          0x0800096b   Thumb Code    18  stm32f4xx_rcc.o(.text)
    RCC_GetClocksFreq                        0x0800097d   Thumb Code   134  stm32f4xx_rcc.o(.text)
    RCC_RTCCLKConfig                         0x08000a03   Thumb Code    42  stm32f4xx_rcc.o(.text)
    RCC_RTCCLKCmd                            0x08000a2d   Thumb Code     8  stm32f4xx_rcc.o(.text)
    RCC_BackupResetCmd                       0x08000a35   Thumb Code     8  stm32f4xx_rcc.o(.text)
    RCC_I2SCLKConfig                         0x08000a3d   Thumb Code     8  stm32f4xx_rcc.o(.text)
    RCC_SAIPLLI2SClkDivConfig                0x08000a45   Thumb Code    18  stm32f4xx_rcc.o(.text)
    RCC_SAIPLLSAIClkDivConfig                0x08000a57   Thumb Code    24  stm32f4xx_rcc.o(.text)
    RCC_SAIBlockACLKConfig                   0x08000a6f   Thumb Code    16  stm32f4xx_rcc.o(.text)
    RCC_SAIBlockBCLKConfig                   0x08000a7f   Thumb Code    16  stm32f4xx_rcc.o(.text)
    RCC_LTDCCLKDivConfig                     0x08000a8f   Thumb Code    16  stm32f4xx_rcc.o(.text)
    RCC_TIMCLKPresConfig                     0x08000a9f   Thumb Code     8  stm32f4xx_rcc.o(.text)
    RCC_AHB1PeriphClockCmd                   0x08000aa7   Thumb Code    20  stm32f4xx_rcc.o(.text)
    RCC_AHB2PeriphClockCmd                   0x08000abb   Thumb Code    20  stm32f4xx_rcc.o(.text)
    RCC_AHB3PeriphClockCmd                   0x08000acf   Thumb Code    20  stm32f4xx_rcc.o(.text)
    RCC_APB1PeriphClockCmd                   0x08000ae3   Thumb Code    20  stm32f4xx_rcc.o(.text)
    RCC_APB2PeriphClockCmd                   0x08000af7   Thumb Code    20  stm32f4xx_rcc.o(.text)
    RCC_AHB1PeriphResetCmd                   0x08000b0b   Thumb Code    20  stm32f4xx_rcc.o(.text)
    RCC_AHB2PeriphResetCmd                   0x08000b1f   Thumb Code    20  stm32f4xx_rcc.o(.text)
    RCC_AHB3PeriphResetCmd                   0x08000b33   Thumb Code    20  stm32f4xx_rcc.o(.text)
    RCC_APB1PeriphResetCmd                   0x08000b47   Thumb Code    20  stm32f4xx_rcc.o(.text)
    RCC_APB2PeriphResetCmd                   0x08000b5b   Thumb Code    20  stm32f4xx_rcc.o(.text)
    RCC_AHB1PeriphClockLPModeCmd             0x08000b6f   Thumb Code    20  stm32f4xx_rcc.o(.text)
    RCC_AHB2PeriphClockLPModeCmd             0x08000b83   Thumb Code    20  stm32f4xx_rcc.o(.text)
    RCC_AHB3PeriphClockLPModeCmd             0x08000b97   Thumb Code    20  stm32f4xx_rcc.o(.text)
    RCC_APB1PeriphClockLPModeCmd             0x08000bab   Thumb Code    64  stm32f4xx_rcc.o(.text)
    RCC_APB2PeriphClockLPModeCmd             0x08000beb   Thumb Code    18  stm32f4xx_rcc.o(.text)
    RCC_LSEModeConfig                        0x08000bfd   Thumb Code    24  stm32f4xx_rcc.o(.text)
    RCC_ITConfig                             0x08000c15   Thumb Code    20  stm32f4xx_rcc.o(.text)
    RCC_ClearFlag                            0x08000c29   Thumb Code    14  stm32f4xx_rcc.o(.text)
    RCC_GetITStatus                          0x08000c37   Thumb Code    18  stm32f4xx_rcc.o(.text)
    RCC_ClearITPendingBit                    0x08000c49   Thumb Code     8  stm32f4xx_rcc.o(.text)
    delay_init                               0x08000c55   Thumb Code    38  delay.o(.text)
    delay_us                                 0x08000c7b   Thumb Code    46  delay.o(.text)
    delay_xms                                0x08000ca9   Thumb Code    46  delay.o(.text)
    delay_ms                                 0x08000cd7   Thumb Code    50  delay.o(.text)
    HMC5883_IS_newdata                       0x08000d0d   Thumb Code    20  hmc5883l.o(.text)
    HMC58X3_newValues                        0x08000d21   Thumb Code   192  hmc5883l.o(.text)
    HMC58X3_getRaw                           0x08000de1   Thumb Code    78  hmc5883l.o(.text)
    HMC58X3_FIFO_init                        0x08000e2f   Thumb Code    32  hmc5883l.o(.text)
    HMC58X3_writeReg                         0x08000e4f   Thumb Code    10  hmc5883l.o(.text)
    HMC58X3_getlastValues                    0x08000e59   Thumb Code    20  hmc5883l.o(.text)
    HMC58X3_mgetValues                       0x08000e6d   Thumb Code   120  hmc5883l.o(.text)
    HMC58X3_setGain                          0x08000ee5   Thumb Code    14  hmc5883l.o(.text)
    HMC58X3_setMode                          0x08000ef3   Thumb Code    26  hmc5883l.o(.text)
    HMC58X3_init                             0x08000f0d   Thumb Code    36  hmc5883l.o(.text)
    HMC58X3_setDOR                           0x08000f31   Thumb Code    14  hmc5883l.o(.text)
    HMC58X3_getID                            0x08000f3f   Thumb Code    36  hmc5883l.o(.text)
    HMC5883L_SetUp                           0x08000f63   Thumb Code    26  hmc5883l.o(.text)
    HMC5883L_Start_Calib                     0x08000f7d   Thumb Code    22  hmc5883l.o(.text)
    MPU6050_getAvg                           0x08000fa1   Thumb Code    28  mpu6050.o(.text)
    MPU6050_setClockSource                   0x08000fbd   Thumb Code    18  mpu6050.o(.text)
    MPU6050_setFullScaleGyroRange            0x08000fcf   Thumb Code    18  mpu6050.o(.text)
    MPU6050_setFullScaleAccelRange           0x08000fe1   Thumb Code    18  mpu6050.o(.text)
    MPU6050_setSleepEnabled                  0x08000ff3   Thumb Code    12  mpu6050.o(.text)
    MPU6050_getDeviceID                      0x08000fff   Thumb Code    20  mpu6050.o(.text)
    MPU6050_testConnection                   0x08001013   Thumb Code    18  mpu6050.o(.text)
    MPU6050_setI2CMasterModeEnabled          0x08001025   Thumb Code    12  mpu6050.o(.text)
    MPU6050_setI2CBypassEnabled              0x08001031   Thumb Code    12  mpu6050.o(.text)
    MPU6050_newValues                        0x0800103d   Thumb Code   132  mpu6050.o(.text)
    MPU6050_is_DRY                           0x080010c1   Thumb Code    20  mpu6050.o(.text)
    MPU6050_getMotion6                       0x080010d5   Thumb Code   164  mpu6050.o(.text)
    MPU6050_initialize                       0x08001179   Thumb Code   160  mpu6050.o(.text)
    Write_Gyro_Offset                        0x08001219   Thumb Code    10  mpu6050.o(.text)
    MPU6050_InitGyro_Offset                  0x08001223   Thumb Code   148  mpu6050.o(.text)
    MPU6050_Calculate_Gyro_Offset            0x080012b7   Thumb Code   142  mpu6050.o(.text)
    IIC_Init                                 0x08001351   Thumb Code    46  ioi2c.o(.text)
    IIC_Start                                0x0800137f   Thumb Code    56  ioi2c.o(.text)
    IIC_Stop                                 0x080013b7   Thumb Code    58  ioi2c.o(.text)
    IIC_Wait_Ack                             0x080013f1   Thumb Code    82  ioi2c.o(.text)
    IIC_Ack                                  0x08001443   Thumb Code    54  ioi2c.o(.text)
    IIC_NAck                                 0x08001479   Thumb Code    56  ioi2c.o(.text)
    IIC_Send_Byte                            0x080014b1   Thumb Code    86  ioi2c.o(.text)
    IIC_Read_Byte                            0x08001507   Thumb Code    96  ioi2c.o(.text)
    I2C_ReadOneByte                          0x08001567   Thumb Code    62  ioi2c.o(.text)
    IICreadBytes                             0x080015a5   Thumb Code    90  ioi2c.o(.text)
    IICwriteBytes                            0x080015ff   Thumb Code    68  ioi2c.o(.text)
    IICreadByte                              0x08001643   Thumb Code    14  ioi2c.o(.text)
    IICwriteByte                             0x08001651   Thumb Code    12  ioi2c.o(.text)
    IICwriteBits                             0x0800165d   Thumb Code    84  ioi2c.o(.text)
    IICwriteBit                              0x080016b1   Thumb Code    48  ioi2c.o(.text)
    readRegister16                           0x080016ed   Thumb Code    28  ms5611.o(.text)
    readPROM                                 0x08001709   Thumb Code    32  ms5611.o(.text)
    setOversampling                          0x08001729   Thumb Code    44  ms5611.o(.text)
    ms5611WriteByte                          0x08001755   Thumb Code    10  ms5611.o(.text)
    reset                                    0x0800175f   Thumb Code     4  ms5611.o(.text)
    begin                                    0x08001763   Thumb Code    26  ms5611.o(.text)
    getAltitude                              0x0800177d   Thumb Code    60  ms5611.o(.text)
    readPressure                             0x080017b9   Thumb Code   324  ms5611.o(.text)
    readRegister24                           0x080018fd   Thumb Code    36  ms5611.o(.text)
    readRawPressure                          0x08001921   Thumb Code     4  ms5611.o(.text)
    readTemperature                          0x08001925   Thumb Code   106  ms5611.o(.text)
    readRawTemperature                       0x0800198f   Thumb Code     4  ms5611.o(.text)
    update_baro                              0x08001993   Thumb Code   304  ms5611.o(.text)
    getOversampling                          0x08001ac3   Thumb Code     6  ms5611.o(.text)
    getSeaLevel                              0x08001ac9   Thumb Code   146  ms5611.o(.text)
    Kalman_getAngle_roll                     0x08001b5d   Thumb Code   190  kalman.o(.text)
    Kalman_getAngle_pitch                    0x08001c1b   Thumb Code   192  kalman.o(.text)
    invSqrt                                  0x08001ce5   Thumb Code    68  imu_ahrs.o(.text)
    IMU_init                                 0x08001d29   Thumb Code    34  imu_ahrs.o(.text)
    IMU_getValues                            0x08001d4b   Thumb Code   160  imu_ahrs.o(.text)
    IMU_AHRSupdate                           0x08001deb   Thumb Code  1730  imu_ahrs.o(.text)
    FreeIMU_AHRSupdate                       0x080024ad   Thumb Code  1180  imu_ahrs.o(.text)
    IMU_getQ                                 0x08002949   Thumb Code   174  imu_ahrs.o(.text)
    LPF                                      0x080029f7   Thumb Code    46  imu_ahrs.o(.text)
    IMU_getRATERollPitchYaw                  0x08002a25   Thumb Code   298  imu_ahrs.o(.text)
    safe_asin                                0x08002b4f   Thumb Code    86  imu_ahrs.o(.text)
    IMU_getRollPitchYaw                      0x08002ba5   Thumb Code   366  imu_ahrs.o(.text)
    IMU_getAttitude                          0x08002d13   Thumb Code   148  imu_ahrs.o(.text)
    IMU_getRPY_normal                        0x08002da7   Thumb Code   898  imu_ahrs.o(.text)
    Initialize_Q                             0x08003129   Thumb Code  1756  imu_ahrs.o(.text)
    __aeabi_ldivmod                          0x08003809   Thumb Code    98  ldiv.o(.text)
    abs                                      0x0800386b   Thumb Code     8  siabs.o(.text)
    __aeabi_dadd                             0x08003873   Thumb Code   322  dadd.o(.text)
    __aeabi_dsub                             0x080039b5   Thumb Code     6  dadd.o(.text)
    __aeabi_drsub                            0x080039bb   Thumb Code     6  dadd.o(.text)
    __aeabi_dmul                             0x080039c1   Thumb Code   228  dmul.o(.text)
    __aeabi_ddiv                             0x08003aa5   Thumb Code   222  ddiv.o(.text)
    __aeabi_i2d                              0x08003b83   Thumb Code    34  dflti.o(.text)
    __aeabi_ui2d                             0x08003ba5   Thumb Code    26  dfltui.o(.text)
    __aeabi_d2iz                             0x08003bbf   Thumb Code    62  dfixi.o(.text)
    __aeabi_f2d                              0x08003bfd   Thumb Code    38  f2d.o(.text)
    __aeabi_cdrcmple                         0x08003c25   Thumb Code    48  cdrcmple.o(.text)
    __aeabi_d2f                              0x08003c55   Thumb Code    56  d2f.o(.text)
    __aeabi_uldivmod                         0x08003c8d   Thumb Code    98  uldiv.o(.text)
    __aeabi_llsl                             0x08003cef   Thumb Code    30  llshl.o(.text)
    _ll_shift_l                              0x08003cef   Thumb Code     0  llshl.o(.text)
    __aeabi_llsr                             0x08003d0d   Thumb Code    32  llushr.o(.text)
    _ll_ushift_r                             0x08003d0d   Thumb Code     0  llushr.o(.text)
    __aeabi_lasr                             0x08003d2d   Thumb Code    36  llsshr.o(.text)
    _ll_sshift_r                             0x08003d2d   Thumb Code     0  llsshr.o(.text)
    __I$use$fp                               0x08003d51   Thumb Code     0  iusefp.o(.text)
    _float_round                             0x08003d51   Thumb Code    18  fepilogue.o(.text)
    _float_epilogue                          0x08003d63   Thumb Code    92  fepilogue.o(.text)
    _double_round                            0x08003dbf   Thumb Code    30  depilogue.o(.text)
    _double_epilogue                         0x08003ddd   Thumb Code   156  depilogue.o(.text)
    __ARM_scalbn                             0x08003e79   Thumb Code    46  dscalb.o(.text)
    scalbn                                   0x08003e79   Thumb Code     0  dscalb.o(.text)
    _dsqrt                                   0x08003ea7   Thumb Code   162  dsqrt.o(.text)
    __scatterload                            0x08003f49   Thumb Code    28  init.o(.text)
    __scatterload_rt2                        0x08003f49   Thumb Code     0  init.o(.text)
    __decompress                             0x08003f6d   Thumb Code     0  __dczerorl2.o(.text)
    __decompress1                            0x08003f6d   Thumb Code    86  __dczerorl2.o(.text)
    __ARM_fpclassify                         0x08003fc3   Thumb Code    48  fpclassify.o(i.__ARM_fpclassify)
    __hardfp_asin                            0x08003ff9   Thumb Code   770  asin.o(i.__hardfp_asin)
    __hardfp_atan                            0x08004359   Thumb Code   622  atan.o(i.__hardfp_atan)
    __hardfp_atan2                           0x08004631   Thumb Code   432  atan2.o(i.__hardfp_atan2)
    __hardfp_cos                             0x08004821   Thumb Code   180  cos.o(i.__hardfp_cos)
    __hardfp_pow                             0x080048e9   Thumb Code  3072  pow.o(i.__hardfp_pow)
    __hardfp_sin                             0x08005539   Thumb Code   180  sin.o(i.__hardfp_sin)
    __hardfp_sqrt                            0x08005601   Thumb Code   122  sqrt.o(i.__hardfp_sqrt)
    __ieee754_rem_pio2                       0x08005681   Thumb Code   938  rred.o(i.__ieee754_rem_pio2)
    __kernel_cos                             0x08005ab9   Thumb Code   322  cos_i.o(i.__kernel_cos)
    __kernel_poly                            0x08005c29   Thumb Code   248  poly.o(i.__kernel_poly)
    __kernel_sin                             0x08005d21   Thumb Code   280  sin_i.o(i.__kernel_sin)
    __mathlib_dbl_divzero                    0x08005e51   Thumb Code    28  dunder.o(i.__mathlib_dbl_divzero)
    __mathlib_dbl_infnan                     0x08005e81   Thumb Code    20  dunder.o(i.__mathlib_dbl_infnan)
    __mathlib_dbl_infnan2                    0x08005e95   Thumb Code    20  dunder.o(i.__mathlib_dbl_infnan2)
    __mathlib_dbl_invalid                    0x08005ea9   Thumb Code    24  dunder.o(i.__mathlib_dbl_invalid)
    __mathlib_dbl_overflow                   0x08005ec9   Thumb Code    24  dunder.o(i.__mathlib_dbl_overflow)
    __mathlib_dbl_underflow                  0x08005ee9   Thumb Code    24  dunder.o(i.__mathlib_dbl_underflow)
    __scatterload_copy                       0x08005f09   Thumb Code    14  handlers.o(i.__scatterload_copy)
    __scatterload_null                       0x08005f17   Thumb Code     2  handlers.o(i.__scatterload_null)
    __scatterload_zeroinit                   0x08005f19   Thumb Code    14  handlers.o(i.__scatterload_zeroinit)
    __set_errno                              0x08005f29   Thumb Code     6  errno.o(i.__set_errno)
    atan                                     0x08005f35   Thumb Code    16  atan.o(i.atan)
    fabs                                     0x08005f45   Thumb Code    24  fabs.o(i.fabs)
    sqrt                                     0x08005f5d   Thumb Code   110  sqrt.o(i.sqrt)
    __mathlib_zero                           0x08006170   Data           8  qnan.o(.constdata)
    Region$$Table$$Base                      0x08006268   Number         0  anon$$obj.o(Region$$Table)
    Region$$Table$$Limit                     0x08006288   Number         0  anon$$obj.o(Region$$Table)
    cut_off                                  0x20000000   Data           4  main.o(.data)
    realPressure                             0x20000004   Data           4  main.o(.data)
    fil_comple_alt                           0x20000008   Data           4  main.o(.data)
    fil_lpf_alt                              0x2000000c   Data           4  main.o(.data)
    EstAlt                                   0x20000010   Data           4  main.o(.data)
    absoluteAltitude                         0x20000014   Data           4  main.o(.data)
    realTemperature                          0x20000018   Data           4  main.o(.data)
    referencePressure                        0x20000020   Data           8  main.o(.data)
    dt                                       0x20000028   Data           8  main.o(.data)
    SystemCoreClock                          0x20000030   Data           4  system_stm32f4xx.o(.data)
    AHBPrescTable                            0x20000034   Data          16  system_stm32f4xx.o(.data)
    HMC5883_calib                            0x20000058   Data           1  hmc5883l.o(.data)
    HMC5883_Buf_index                        0x20000059   Data           1  hmc5883l.o(.data)
    HMC5883_Offset_X                         0x2000005a   Data           2  hmc5883l.o(.data)
    HMC5883_Offset_Y                         0x2000005c   Data           2  hmc5883l.o(.data)
    HMC5883_Offset_Z                         0x2000005e   Data           2  hmc5883l.o(.data)
    HMC5883_maxx                             0x20000060   Data           2  hmc5883l.o(.data)
    HMC5883_maxy                             0x20000062   Data           2  hmc5883l.o(.data)
    HMC5883_maxz                             0x20000064   Data           2  hmc5883l.o(.data)
    HMC5883_minx                             0x20000066   Data           2  hmc5883l.o(.data)
    HMC5883_miny                             0x20000068   Data           2  hmc5883l.o(.data)
    HMC5883_minz                             0x2000006a   Data           2  hmc5883l.o(.data)
    HMC5883_Scale_X                          0x2000006c   Data           4  hmc5883l.o(.data)
    HMC5883_Scale_Y                          0x20000070   Data           4  hmc5883l.o(.data)
    HMC5883_Scale_Z                          0x20000074   Data           4  hmc5883l.o(.data)
    HMC5883_lastx                            0x20000078   Data           4  hmc5883l.o(.data)
    HMC5883_lasty                            0x2000007c   Data           4  hmc5883l.o(.data)
    HMC5883_lastz                            0x20000080   Data           4  hmc5883l.o(.data)
    Buf_index                                0x20000084   Data           1  mpu6050.o(.data)
    Gx_offset                                0x20000086   Data           2  mpu6050.o(.data)
    Gy_offset                                0x20000088   Data           2  mpu6050.o(.data)
    Gz_offset                                0x2000008a   Data           2  mpu6050.o(.data)
    MPU6050_Lastax                           0x2000008c   Data           2  mpu6050.o(.data)
    MPU6050_Lastay                           0x2000008e   Data           2  mpu6050.o(.data)
    MPU6050_Lastaz                           0x20000090   Data           2  mpu6050.o(.data)
    MPU6050_Lastgx                           0x20000092   Data           2  mpu6050.o(.data)
    MPU6050_Lastgy                           0x20000094   Data           2  mpu6050.o(.data)
    MPU6050_Lastgz                           0x20000096   Data           2  mpu6050.o(.data)
    I2C_Erorr_Count                          0x20000098   Data           2  ioi2c.o(.data)
    ct                                       0x200000a0   Data           1  ms5611.o(.data)
    uosr                                     0x200000a1   Data           1  ms5611.o(.data)
    pressureState                            0x200000a4   Data           4  ms5611.o(.data)
    TEMP2                                    0x200000a8   Data           4  ms5611.o(.data)
    timer                                    0x200000ac   Data           4  ms5611.o(.data)
    timer1                                   0x200000b0   Data           4  ms5611.o(.data)
    ut                                       0x200000b4   Data           4  ms5611.o(.data)
    up                                       0x200000b8   Data           4  ms5611.o(.data)
    OFF2                                     0x200000c0   Data           8  ms5611.o(.data)
    SENS2                                    0x200000c8   Data           8  ms5611.o(.data)
    Q_angle                                  0x200000d0   Data           4  kalman.o(.data)
    Q_bias                                   0x200000d4   Data           4  kalman.o(.data)
    R_measure                                0x200000d8   Data           4  kalman.o(.data)
    angle                                    0x200000dc   Data           4  kalman.o(.data)
    bias                                     0x200000e0   Data           4  kalman.o(.data)
    Q_anglez                                 0x200000e4   Data           4  kalman.o(.data)
    Q_biasz                                  0x200000e8   Data           4  kalman.o(.data)
    R_measurez                               0x200000ec   Data           4  kalman.o(.data)
    anglez                                   0x200000f0   Data           4  kalman.o(.data)
    biasz                                    0x200000f4   Data           4  kalman.o(.data)
    rate                                     0x200000f8   Data           4  kalman.o(.data)
    S                                        0x200000fc   Data           4  kalman.o(.data)
    y                                        0x20000100   Data           4  kalman.o(.data)
    P00_temp                                 0x20000104   Data           4  kalman.o(.data)
    P01_temp                                 0x20000108   Data           4  kalman.o(.data)
    ratez                                    0x2000010c   Data           4  kalman.o(.data)
    Sz                                       0x20000110   Data           4  kalman.o(.data)
    yz                                       0x20000114   Data           4  kalman.o(.data)
    P00_tempz                                0x20000118   Data           4  kalman.o(.data)
    P01_tempz                                0x2000011c   Data           4  kalman.o(.data)
    K                                        0x20000120   Data           8  kalman.o(.data)
    Kz                                       0x20000128   Data           8  kalman.o(.data)
    acc_vector                               0x20000130   Data           4  imu_ahrs.o(.data)
    exInt                                    0x2000014c   Data           4  imu_ahrs.o(.data)
    eyInt                                    0x20000150   Data           4  imu_ahrs.o(.data)
    ezInt                                    0x20000154   Data           4  imu_ahrs.o(.data)
    integralFBx                              0x20000158   Data           4  imu_ahrs.o(.data)
    integralFBy                              0x2000015c   Data           4  imu_ahrs.o(.data)
    integralFBz                              0x20000160   Data           4  imu_ahrs.o(.data)
    q0                                       0x20000164   Data           4  imu_ahrs.o(.data)
    q1                                       0x20000168   Data           4  imu_ahrs.o(.data)
    q2                                       0x2000016c   Data           4  imu_ahrs.o(.data)
    q3                                       0x20000170   Data           4  imu_ahrs.o(.data)
    qa0                                      0x20000174   Data           4  imu_ahrs.o(.data)
    qa1                                      0x20000178   Data           4  imu_ahrs.o(.data)
    qa2                                      0x2000017c   Data           4  imu_ahrs.o(.data)
    qa3                                      0x20000180   Data           4  imu_ahrs.o(.data)
    lastUpdate                               0x20000184   Data           4  imu_ahrs.o(.data)
    now                                      0x20000188   Data           4  imu_ahrs.o(.data)
    IMU_Pitch                                0x2000018c   Data           4  imu_ahrs.o(.data)
    IMU_Roll                                 0x20000190   Data           4  imu_ahrs.o(.data)
    IMU_Yaw                                  0x20000194   Data           4  imu_ahrs.o(.data)
    halftime                                 0x200001a8   Data           8  imu_ahrs.o(.data)
    halfT                                    0x200001b0   Data           8  imu_ahrs.o(.data)
    elapsedT                                 0x200001b8   Data           8  imu_ahrs.o(.data)
    rpy                                      0x200001c4   Data          12  main.o(.bss)
    rate_rpy                                 0x200001d0   Data          12  main.o(.bss)
    HMC5883_FIFO                             0x200001dc   Data          66  hmc5883l.o(.bss)
    buffer                                   0x2000021e   Data          14  mpu6050.o(.bss)
    MPU6050_FIFO                             0x2000022c   Data         132  mpu6050.o(.bss)
    fc                                       0x200002b0   Data          12  ms5611.o(.bss)
    P                                        0x200002bc   Data          16  kalman.o(.bss)
    Pz                                       0x200002cc   Data          16  kalman.o(.bss)
    __initial_sp                             0x20000728   Data           0  startup_stm32f40_41xxx.o(STACK)



==============================================================================

Memory Map of the image

  Image Entry point : 0x08000189

  Load Region LR_IROM1 (Base: 0x08000000, Size: 0x0000644c, Max: 0x00100000, ABSOLUTE, COMPRESSED[0x000062b8])

    Execution Region ER_IROM1 (Exec base: 0x08000000, Load base: 0x08000000, Size: 0x00006288, Max: 0x00100000, ABSOLUTE)

    Exec Addr    Load Addr    Size         Type   Attr      Idx    E Section Name        Object

    0x08000000   0x08000000   0x00000188   Data   RO          245    RESET               startup_stm32f40_41xxx.o
    0x08000188   0x08000188   0x00000000   Code   RO          923  * .ARM.Collect$$$$00000000  mc_w.l(entry.o)
    0x08000188   0x08000188   0x00000004   Code   RO          989    .ARM.Collect$$$$00000001  mc_w.l(entry2.o)
    0x0800018c   0x0800018c   0x00000004   Code   RO          992    .ARM.Collect$$$$00000004  mc_w.l(entry5.o)
    0x08000190   0x08000190   0x00000000   Code   RO          994    .ARM.Collect$$$$00000008  mc_w.l(entry7b.o)
    0x08000190   0x08000190   0x00000000   Code   RO          996    .ARM.Collect$$$$0000000A  mc_w.l(entry8b.o)
    0x08000190   0x08000190   0x00000008   Code   RO          997    .ARM.Collect$$$$0000000B  mc_w.l(entry9a.o)
    0x08000198   0x08000198   0x00000000   Code   RO          999    .ARM.Collect$$$$0000000D  mc_w.l(entry10a.o)
    0x08000198   0x08000198   0x00000000   Code   RO         1001    .ARM.Collect$$$$0000000F  mc_w.l(entry11a.o)
    0x08000198   0x08000198   0x00000004   Code   RO          990    .ARM.Collect$$$$00002712  mc_w.l(entry2.o)
    0x0800019c   0x0800019c   0x000001c8   Code   RO            3    .text               main.o
    0x08000364   0x08000364   0x00000012   Code   RO          170    .text               stm32f4xx_it.o
    0x08000376   0x08000376   0x00000002   PAD
    0x08000378   0x08000378   0x0000017c   Code   RO          219    .text               system_stm32f4xx.o
    0x080004f4   0x080004f4   0x00000024   Code   RO          246    .text               startup_stm32f40_41xxx.o
    0x08000518   0x08000518   0x000000b0   Code   RO          252    .text               misc.o
    0x080005c8   0x080005c8   0x0000020c   Code   RO          422    .text               stm32f4xx_gpio.o
    0x080007d4   0x080007d4   0x00000480   Code   RO          462    .text               stm32f4xx_rcc.o
    0x08000c54   0x08000c54   0x000000b8   Code   RO          606    .text               delay.o
    0x08000d0c   0x08000d0c   0x00000294   Code   RO          646    .text               hmc5883l.o
    0x08000fa0   0x08000fa0   0x000003b0   Code   RO          697    .text               mpu6050.o
    0x08001350   0x08001350   0x0000039c   Code   RO          722    .text               ioi2c.o
    0x080016ec   0x080016ec   0x0000046e   Code   RO          749    .text               ms5611.o
    0x08001b5a   0x08001b5a   0x00000002   PAD
    0x08001b5c   0x08001b5c   0x00000188   Code   RO          777    .text               kalman.o
    0x08001ce4   0x08001ce4   0x00001b24   Code   RO          801    .text               imu_ahrs.o
    0x08003808   0x08003808   0x00000062   Code   RO          926    .text               mc_w.l(ldiv.o)
    0x0800386a   0x0800386a   0x00000008   Code   RO          928    .text               mc_w.l(siabs.o)
    0x08003872   0x08003872   0x0000014e   Code   RO          932    .text               mf_w.l(dadd.o)
    0x080039c0   0x080039c0   0x000000e4   Code   RO          934    .text               mf_w.l(dmul.o)
    0x08003aa4   0x08003aa4   0x000000de   Code   RO          936    .text               mf_w.l(ddiv.o)
    0x08003b82   0x08003b82   0x00000022   Code   RO          938    .text               mf_w.l(dflti.o)
    0x08003ba4   0x08003ba4   0x0000001a   Code   RO          940    .text               mf_w.l(dfltui.o)
    0x08003bbe   0x08003bbe   0x0000003e   Code   RO          942    .text               mf_w.l(dfixi.o)
    0x08003bfc   0x08003bfc   0x00000026   Code   RO          944    .text               mf_w.l(f2d.o)
    0x08003c22   0x08003c22   0x00000002   PAD
    0x08003c24   0x08003c24   0x00000030   Code   RO          946    .text               mf_w.l(cdrcmple.o)
    0x08003c54   0x08003c54   0x00000038   Code   RO          948    .text               mf_w.l(d2f.o)
    0x08003c8c   0x08003c8c   0x00000062   Code   RO         1003    .text               mc_w.l(uldiv.o)
    0x08003cee   0x08003cee   0x0000001e   Code   RO         1005    .text               mc_w.l(llshl.o)
    0x08003d0c   0x08003d0c   0x00000020   Code   RO         1007    .text               mc_w.l(llushr.o)
    0x08003d2c   0x08003d2c   0x00000024   Code   RO         1009    .text               mc_w.l(llsshr.o)
    0x08003d50   0x08003d50   0x00000000   Code   RO         1018    .text               mc_w.l(iusefp.o)
    0x08003d50   0x08003d50   0x0000006e   Code   RO         1019    .text               mf_w.l(fepilogue.o)
    0x08003dbe   0x08003dbe   0x000000ba   Code   RO         1021    .text               mf_w.l(depilogue.o)
    0x08003e78   0x08003e78   0x0000002e   Code   RO         1025    .text               mf_w.l(dscalb.o)
    0x08003ea6   0x08003ea6   0x000000a2   Code   RO         1027    .text               mf_w.l(dsqrt.o)
    0x08003f48   0x08003f48   0x00000024   Code   RO         1031    .text               mc_w.l(init.o)
    0x08003f6c   0x08003f6c   0x00000056   Code   RO         1041    .text               mc_w.l(__dczerorl2.o)
    0x08003fc2   0x08003fc2   0x00000030   Code   RO          973    i.__ARM_fpclassify  m_wm.l(fpclassify.o)
    0x08003ff2   0x08003ff2   0x00000006   PAD
    0x08003ff8   0x08003ff8   0x00000360   Code   RO          833    i.__hardfp_asin     m_wm.l(asin.o)
    0x08004358   0x08004358   0x000002d8   Code   RO          847    i.__hardfp_atan     m_wm.l(atan.o)
    0x08004630   0x08004630   0x000001f0   Code   RO          861    i.__hardfp_atan2    m_wm.l(atan2.o)
    0x08004820   0x08004820   0x000000c8   Code   RO          873    i.__hardfp_cos      m_wm.l(cos.o)
    0x080048e8   0x080048e8   0x00000c50   Code   RO          885    i.__hardfp_pow      m_wm.l(pow.o)
    0x08005538   0x08005538   0x000000c8   Code   RO          899    i.__hardfp_sin      m_wm.l(sin.o)
    0x08005600   0x08005600   0x0000007a   Code   RO          911    i.__hardfp_sqrt     m_wm.l(sqrt.o)
    0x0800567a   0x0800567a   0x00000006   PAD
    0x08005680   0x08005680   0x00000438   Code   RO          978    i.__ieee754_rem_pio2  m_wm.l(rred.o)
    0x08005ab8   0x08005ab8   0x00000170   Code   RO          950    i.__kernel_cos      m_wm.l(cos_i.o)
    0x08005c28   0x08005c28   0x000000f8   Code   RO          975    i.__kernel_poly     m_wm.l(poly.o)
    0x08005d20   0x08005d20   0x00000130   Code   RO          983    i.__kernel_sin      m_wm.l(sin_i.o)
    0x08005e50   0x08005e50   0x00000030   Code   RO          953    i.__mathlib_dbl_divzero  m_wm.l(dunder.o)
    0x08005e80   0x08005e80   0x00000014   Code   RO          954    i.__mathlib_dbl_infnan  m_wm.l(dunder.o)
    0x08005e94   0x08005e94   0x00000014   Code   RO          955    i.__mathlib_dbl_infnan2  m_wm.l(dunder.o)
    0x08005ea8   0x08005ea8   0x00000020   Code   RO          956    i.__mathlib_dbl_invalid  m_wm.l(dunder.o)
    0x08005ec8   0x08005ec8   0x00000020   Code   RO          957    i.__mathlib_dbl_overflow  m_wm.l(dunder.o)
    0x08005ee8   0x08005ee8   0x00000020   Code   RO          959    i.__mathlib_dbl_underflow  m_wm.l(dunder.o)
    0x08005f08   0x08005f08   0x0000000e   Code   RO         1035    i.__scatterload_copy  mc_w.l(handlers.o)
    0x08005f16   0x08005f16   0x00000002   Code   RO         1036    i.__scatterload_null  mc_w.l(handlers.o)
    0x08005f18   0x08005f18   0x0000000e   Code   RO         1037    i.__scatterload_zeroinit  mc_w.l(handlers.o)
    0x08005f26   0x08005f26   0x00000002   PAD
    0x08005f28   0x08005f28   0x0000000c   Code   RO         1013    i.__set_errno       mc_w.l(errno.o)
    0x08005f34   0x08005f34   0x00000010   Code   RO          849    i.atan              m_wm.l(atan.o)
    0x08005f44   0x08005f44   0x00000018   Code   RO          969    i.fabs              m_wm.l(fabs.o)
    0x08005f5c   0x08005f5c   0x0000006e   Code   RO          913    i.sqrt              m_wm.l(sqrt.o)
    0x08005fca   0x08005fca   0x00000006   PAD
    0x08005fd0   0x08005fd0   0x00000050   Data   RO          836    .constdata          m_wm.l(asin.o)
    0x08006020   0x08006020   0x00000098   Data   RO          850    .constdata          m_wm.l(atan.o)
    0x080060b8   0x080060b8   0x00000088   Data   RO          888    .constdata          m_wm.l(pow.o)
    0x08006140   0x08006140   0x00000030   Data   RO          951    .constdata          m_wm.l(cos_i.o)
    0x08006170   0x08006170   0x00000008   Data   RO          977    .constdata          m_wm.l(qnan.o)
    0x08006178   0x08006178   0x000000c8   Data   RO          980    .constdata          m_wm.l(rred.o)
    0x08006240   0x08006240   0x00000028   Data   RO          984    .constdata          m_wm.l(sin_i.o)
    0x08006268   0x08006268   0x00000020   Data   RO         1033    Region$$Table       anon$$obj.o


    Execution Region RW_IRAM1 (Exec base: 0x20000000, Load base: 0x08006288, Size: 0x00000728, Max: 0x00020000, ABSOLUTE, COMPRESSED[0x00000030])

    Exec Addr    Load Addr    Size         Type   Attr      Idx    E Section Name        Object

    0x20000000   COMPRESSED   0x00000030   Data   RW            5    .data               main.o
    0x20000030   COMPRESSED   0x00000014   Data   RW          220    .data               system_stm32f4xx.o
    0x20000044   COMPRESSED   0x00000010   Data   RW          463    .data               stm32f4xx_rcc.o
    0x20000054   COMPRESSED   0x00000004   Data   RW          607    .data               delay.o
    0x20000058   COMPRESSED   0x0000002c   Data   RW          648    .data               hmc5883l.o
    0x20000084   COMPRESSED   0x00000014   Data   RW          699    .data               mpu6050.o
    0x20000098   COMPRESSED   0x00000002   Data   RW          723    .data               ioi2c.o
    0x2000009a   COMPRESSED   0x00000006   PAD
    0x200000a0   COMPRESSED   0x00000030   Data   RW          751    .data               ms5611.o
    0x200000d0   COMPRESSED   0x00000060   Data   RW          779    .data               kalman.o
    0x20000130   COMPRESSED   0x00000090   Data   RW          803    .data               imu_ahrs.o
    0x200001c0   COMPRESSED   0x00000004   Data   RW         1014    .data               mc_w.l(errno.o)
    0x200001c4        -       0x00000018   Zero   RW            4    .bss                main.o
    0x200001dc        -       0x00000042   Zero   RW          647    .bss                hmc5883l.o
    0x2000021e        -       0x00000092   Zero   RW          698    .bss                mpu6050.o
    0x200002b0        -       0x0000000c   Zero   RW          750    .bss                ms5611.o
    0x200002bc        -       0x00000020   Zero   RW          778    .bss                kalman.o
    0x200002dc        -       0x0000004c   Zero   RW          802    .bss                imu_ahrs.o
    0x20000328        -       0x00000400   Zero   RW          243    STACK               startup_stm32f40_41xxx.o


==============================================================================

Image component sizes


      Code (inc. data)   RO Data    RW Data    ZI Data      Debug   Object Name

       184          4          0          4          0       1493   delay.o
       660         14          0         44         66       5120   hmc5883l.o
      6948        228          0        144         76      12689   imu_ahrs.o
       924         12          0          2          0       5061   ioi2c.o
       392         10          0         96         32       2357   kalman.o
       456         46          0         48         24     257933   main.o
       176         12          0          0          0       1969   misc.o
       944         12          0         20        146       6405   mpu6050.o
      1134         78          0         48         12       6094   ms5611.o
        36          8        392          0       1024        824   startup_stm32f40_41xxx.o
       524         44          0          0          0       4497   stm32f4xx_gpio.o
        18          0          0          0          0       1202   stm32f4xx_it.o
      1152         48          0         16          0      13352   stm32f4xx_rcc.o
       380         36          0         20          0       1863   system_stm32f4xx.o

    ----------------------------------------------------------------------
     13932        552        424        448       1380     320859   Object Totals
         0          0         32          0          0          0   (incl. Generated)
         4          0          0          6          0          0   (incl. Padding)

    ----------------------------------------------------------------------

      Code (inc. data)   RO Data    RW Data    ZI Data      Debug   Library Member Name

       864         94         80          0          0        280   asin.o
       744        106        152          0          0        352   atan.o
       496         64          0          0          0        192   atan2.o
       200         20          0          0          0        164   cos.o
       368         46         48          0          0        200   cos_i.o
       184         44          0          0          0        744   dunder.o
        24          0          0          0          0        124   fabs.o
        48          0          0          0          0        124   fpclassify.o
       248          0          0          0          0        152   poly.o
      3152        296        136          0          0        352   pow.o
         0          0          8          0          0          0   qnan.o
      1080        142        200          0          0        188   rred.o
       200         20          0          0          0        164   sin.o
       304         24         40          0          0        208   sin_i.o
       232          0          0          0          0        296   sqrt.o
        86          0          0          0          0          0   __dczerorl2.o
         0          0          0          0          0          0   entry.o
         0          0          0          0          0          0   entry10a.o
         0          0          0          0          0          0   entry11a.o
         8          4          0          0          0          0   entry2.o
         4          0          0          0          0          0   entry5.o
         0          0          0          0          0          0   entry7b.o
         0          0          0          0          0          0   entry8b.o
         8          4          0          0          0          0   entry9a.o
        12          6          0          4          0         68   errno.o
        30          0          0          0          0          0   handlers.o
        36          8          0          0          0         68   init.o
         0          0          0          0          0          0   iusefp.o
        98          0          0          0          0         84   ldiv.o
        30          0          0          0          0         68   llshl.o
        36          0          0          0          0         68   llsshr.o
        32          0          0          0          0         68   llushr.o
         8          0          0          0          0         68   siabs.o
        98          0          0          0          0         92   uldiv.o
        48          0          0          0          0         68   cdrcmple.o
        56          0          0          0          0         88   d2f.o
       334          0          0          0          0        148   dadd.o
       222          0          0          0          0        100   ddiv.o
       186          0          0          0          0        176   depilogue.o
        62          0          0          0          0         80   dfixi.o
        34          0          0          0          0         76   dflti.o
        26          0          0          0          0         76   dfltui.o
       228          0          0          0          0         96   dmul.o
        46          0          0          0          0         80   dscalb.o
       162          0          0          0          0        100   dsqrt.o
        38          0          0          0          0         68   f2d.o
       110          0          0          0          0        168   fepilogue.o

    ----------------------------------------------------------------------
     10204        878        664          4          0       5448   Library Totals
        22          0          0          0          0          0   (incl. Padding)

    ----------------------------------------------------------------------

      Code (inc. data)   RO Data    RW Data    ZI Data      Debug   Library Name

      8144        856        664          0          0       3540   m_wm.l
       486         22          0          4          0        584   mc_w.l
      1552          0          0          0          0       1324   mf_w.l

    ----------------------------------------------------------------------
     10204        878        664          4          0       5448   Library Totals

    ----------------------------------------------------------------------

==============================================================================


      Code (inc. data)   RO Data    RW Data    ZI Data      Debug   

     24136       1430       1088        452       1380     321207   Grand Totals
     24136       1430       1088         48       1380     321207   ELF Image Totals (compressed)
     24136       1430       1088         48          0          0   ROM Totals

==============================================================================

    Total RO  Size (Code + RO Data)                25224 (  24.63kB)
    Total RW  Size (RW Data + ZI Data)              1832 (   1.79kB)
    Total ROM Size (Code + RO Data + RW Data)      25272 (  24.68kB)

==============================================================================

